Archive member included because of file (symbol)

c:/program files (x86)/microchip/xc32/v1.31/bin/../lib/gcc/pic32mx/4.5.2/../../../../pic32mx/lib\libpic32.a(memcmp.o)
                              build/default/debug/_ext/2100859200/tasks.o (memcmp)
c:/program files (x86)/microchip/xc32/v1.31/bin/../lib/gcc/pic32mx/4.5.2/../../../../pic32mx/lib\libpic32.a(memcpy.o)
                              build/default/debug/_ext/2100859200/queue.o (memcpy)
c:/program files (x86)/microchip/xc32/v1.31/bin/../lib/gcc/pic32mx/4.5.2/../../../../pic32mx/lib\libpic32.a(memset.o)
                              build/default/debug/_ext/2100859200/tasks.o (memset)
c:/program files (x86)/microchip/xc32/v1.31/bin/../lib/gcc/pic32mx/4.5.2/../../../../pic32mx/lib\libpic32.a(default-bootstrap-exception-handler.o)
                              c:/program files (x86)/microchip/xc32/v1.31/bin/../lib/gcc/pic32mx/4.5.2/../../../../pic32mx/lib/./proc/32MX775F512L/crt0_mips32r2.o (_bootstrap_exception_handler)
c:/program files (x86)/microchip/xc32/v1.31/bin/../lib/gcc/pic32mx/4.5.2/../../../../pic32mx/lib\libpic32.a(default-on-reset.o)
                              c:/program files (x86)/microchip/xc32/v1.31/bin/../lib/gcc/pic32mx/4.5.2/../../../../pic32mx/lib/./proc/32MX775F512L/crt0_mips32r2.o (_on_reset)
c:/program files (x86)/microchip/xc32/v1.31/bin/../lib/gcc/pic32mx/4.5.2/../../../../pic32mx/lib\libpic32.a(default-on-bootstrap.o)
                              c:/program files (x86)/microchip/xc32/v1.31/bin/../lib/gcc/pic32mx/4.5.2/../../../../pic32mx/lib/./proc/32MX775F512L/crt0_mips32r2.o (_on_bootstrap)
c:/program files (x86)/microchip/xc32/v1.31/bin/../lib/gcc/pic32mx/4.5.2/../../../../pic32mx/lib\libpic32.a(default-nmi-handler.o)
                              c:/program files (x86)/microchip/xc32/v1.31/bin/../lib/gcc/pic32mx/4.5.2/../../../../pic32mx/lib/./proc/32MX775F512L/crt0_mips32r2.o (_nmi_handler)
c:/program files (x86)/microchip/xc32/v1.31/bin/../lib/gcc/pic32mx/4.5.2/../../../../pic32mx/lib\libpic32.a(pic32_software_reset.o)
                              c:/program files (x86)/microchip/xc32/v1.31/bin/../lib/gcc/pic32mx/4.5.2/../../../../pic32mx/lib\libpic32.a(default-bootstrap-exception-handler.o) (__pic32_software_reset)
c:/program files (x86)/microchip/xc32/v1.31/bin/../lib/gcc/pic32mx/4.5.2/../../../../pic32mx/lib\libpic32.a(general-exception.o)
                              c:/program files (x86)/microchip/xc32/v1.31/bin/../lib/gcc/pic32mx/4.5.2/../../../../pic32mx/lib/./proc/32MX775F512L/crt0_mips32r2.o (_general_exception_context)
c:/program files (x86)/microchip/xc32/v1.31/bin/../lib/gcc/pic32mx/4.5.2/../../../../pic32mx/lib\libpic32.a(vector0.o)
                              c:/program files (x86)/microchip/xc32/v1.31/bin/../lib/gcc/pic32mx/4.5.2/../../../../pic32mx/lib/./proc/32MX775F512L\default_isr_vectors.o (__vector_dispatch_0)
c:/program files (x86)/microchip/xc32/v1.31/bin/../lib/gcc/pic32mx/4.5.2/../../../../pic32mx/lib\libpic32.a(vector2.o)
                              c:/program files (x86)/microchip/xc32/v1.31/bin/../lib/gcc/pic32mx/4.5.2/../../../../pic32mx/lib/./proc/32MX775F512L\default_isr_vectors.o (__vector_dispatch_2)
c:/program files (x86)/microchip/xc32/v1.31/bin/../lib/gcc/pic32mx/4.5.2/../../../../pic32mx/lib\libpic32.a(vector3.o)
                              c:/program files (x86)/microchip/xc32/v1.31/bin/../lib/gcc/pic32mx/4.5.2/../../../../pic32mx/lib/./proc/32MX775F512L\default_isr_vectors.o (__vector_dispatch_3)
c:/program files (x86)/microchip/xc32/v1.31/bin/../lib/gcc/pic32mx/4.5.2/../../../../pic32mx/lib\libpic32.a(vector5.o)
                              c:/program files (x86)/microchip/xc32/v1.31/bin/../lib/gcc/pic32mx/4.5.2/../../../../pic32mx/lib/./proc/32MX775F512L\default_isr_vectors.o (__vector_dispatch_5)
c:/program files (x86)/microchip/xc32/v1.31/bin/../lib/gcc/pic32mx/4.5.2/../../../../pic32mx/lib\libpic32.a(vector6.o)
                              c:/program files (x86)/microchip/xc32/v1.31/bin/../lib/gcc/pic32mx/4.5.2/../../../../pic32mx/lib/./proc/32MX775F512L\default_isr_vectors.o (__vector_dispatch_6)
c:/program files (x86)/microchip/xc32/v1.31/bin/../lib/gcc/pic32mx/4.5.2/../../../../pic32mx/lib\libpic32.a(vector7.o)
                              c:/program files (x86)/microchip/xc32/v1.31/bin/../lib/gcc/pic32mx/4.5.2/../../../../pic32mx/lib/./proc/32MX775F512L\default_isr_vectors.o (__vector_dispatch_7)
c:/program files (x86)/microchip/xc32/v1.31/bin/../lib/gcc/pic32mx/4.5.2/../../../../pic32mx/lib\libpic32.a(vector8.o)
                              c:/program files (x86)/microchip/xc32/v1.31/bin/../lib/gcc/pic32mx/4.5.2/../../../../pic32mx/lib/./proc/32MX775F512L\default_isr_vectors.o (__vector_dispatch_8)
c:/program files (x86)/microchip/xc32/v1.31/bin/../lib/gcc/pic32mx/4.5.2/../../../../pic32mx/lib\libpic32.a(vector9.o)
[...]
Memory Configuration

Name             Origin             Length             Attributes
kseg0_program_mem 0x9d000000         0x00080000         xr
kseg0_boot_mem   0x9fc00490         0x00000970
exception_mem    0x9fc01000         0x00001000
kseg1_boot_mem   0xbfc00000         0x00000490
debug_exec_mem   0xbfc02000         0x00000ff0
config3          0xbfc02ff0         0x00000004
config2          0xbfc02ff4         0x00000004
config1          0xbfc02ff8         0x00000004
config0          0xbfc02ffc         0x00000004
kseg1_data_mem   0xa0000000         0x00010000         w !x
sfrs             0xbf800000         0x00100000
configsfrs       0xbfc02ff0         0x00000010
*default*        0x00000000         0xffffffff

Linker script and memory map

LOAD c:/program files (x86)/microchip/xc32/v1.31/bin/../lib/gcc/pic32mx/4.5.2/../../../../pic32mx/lib/./proc/32MX775F512L/crt0_mips32r2.o
                0x00000001                _DEBUGGER = 0x1
LOAD build/default/debug/_ext/1345626252/drv_usart_static.o
LOAD build/default/debug/_ext/639803181/sys_clk_static.o
LOAD build/default/debug/_ext/822048611/sys_ports_static.o
LOAD build/default/debug/_ext/1688732426/system_init.o
LOAD build/default/debug/_ext/1688732426/system_interrupt.o
LOAD build/default/debug/_ext/1688732426/system_exceptions.o
LOAD build/default/debug/_ext/1688732426/system_tasks.o
LOAD build/default/debug/_ext/1688732426/system_interrupt_a.o
LOAD build/default/debug/_ext/1688732426/rtos_hooks.o
LOAD build/default/debug/_ext/1360937237/app1.o
LOAD build/default/debug/_ext/1360937237/main.o
LOAD build/default/debug/_ext/170707685/osal_freertos.o
LOAD build/default/debug/_ext/1006516959/sys_devcon.o
LOAD build/default/debug/_ext/1006516959/sys_devcon_pic32mx.o
LOAD build/default/debug/_ext/476738267/sys_int_pic32.o
LOAD build/default/debug/_ext/704983160/sys_ports.o
LOAD build/default/debug/_ext/471914403/heap_1.o
LOAD build/default/debug/_ext/1711068938/port.o
LOAD build/default/debug/_ext/1711068938/port_asm.o
LOAD build/default/debug/_ext/2100859200/croutine.o
LOAD build/default/debug/_ext/2100859200/list.o
LOAD build/default/debug/_ext/2100859200/queue.o
LOAD build/default/debug/_ext/2100859200/tasks.o
LOAD build/default/debug/_ext/2100859200/timers.o
LOAD build/default/debug/_ext/2100859200/event_groups.o
LOAD build/default/debug/_ext/1360937237/debug.o
LOAD build/default/debug/_ext/1360937237/timerCallback.o
LOAD ..\..\..\..\..\..\microchip\harmony\v1_06_02\bin\framework\peripheral\PIC32MX775F512L_peripherals.a
                0x00000001                __MPLAB_BUILD = 0x1
                0x00000001                __MPLAB_DEBUG = 0x1
                0x00000001                __DEBUG = 0x1
                0x00000001                __MPLAB_DEBUGGER_PK3 = 0x1
                0x00000000                _min_heap_size = 0x0
LOAD c:/program files (x86)/microchip/xc32/v1.31/bin/../lib/gcc/pic32mx/4.5.2/../../../../pic32mx/lib/./proc/32MX775F512L\default_isr_vectors.o
                0x00000400                PROVIDE (_min_stack_size, 0x400)
LOAD c:/program files (x86)/microchip/xc32/v1.31/bin/../lib/gcc/pic32mx/4.5.2/../../../../pic32mx/lib/./proc/32MX775F512L\processor.o
START GROUP
LOAD c:/program files (x86)/microchip/xc32/v1.31/bin/../lib/gcc/pic32mx/4.5.2/../../../../pic32mx/lib\libmchp_peripheral.a
END GROUP
START GROUP
LOAD c:/program files (x86)/microchip/xc32/v1.31/bin/../lib/gcc/pic32mx/4.5.2/../../../../pic32mx/lib\libmchp_peripheral_32MX775F512L.a
END GROUP
                0x00000001                PROVIDE (_vector_spacing, 0x1)
                0x9fc01000                _ebase_address = 0x9fc01000
                0xbfc00000                _RESET_ADDR = 0xbfc00000
                0xbfc00380                _BEV_EXCPT_ADDR = 0xbfc00380
                0xbfc00480                _DBG_EXCPT_ADDR = 0xbfc00480
                0xbfc02000                _DBG_CODE_ADDR = 0xbfc02000
                0x00000ff0                _DBG_CODE_SIZE = 0xff0
                0x9fc01180                _GEN_EXCPT_ADDR = (_ebase_address + 0x180)

.config_BFC02FF0
                0xbfc02ff0        0x4
 *(.config_BFC02FF0)
 .config_BFC02FF0
                0xbfc02ff0        0x4 build/default/debug/_ext/1688732426/system_init.o

.config_BFC02FF4
                0xbfc02ff4        0x4
 *(.config_BFC02FF4)
 .config_BFC02FF4
                0xbfc02ff4        0x4 build/default/debug/_ext/1688732426/system_init.o

.config_BFC02FF8
                0xbfc02ff8        0x4
 *(.config_BFC02FF8)
 .config_BFC02FF8
                0xbfc02ff8        0x4 build/default/debug/_ext/1688732426/system_init.o

.config_BFC02FFC
                0xbfc02ffc        0x4
 *(.config_BFC02FFC)
 .config_BFC02FFC
                0xbfc02ffc        0x4 build/default/debug/_ext/1688732426/system_init.o
                0xbfc02000                PROVIDE (_DBG_CODE_ADDR, 0xbfc02000)
                0x00000ff0                PROVIDE (_DBG_CODE_SIZE, 0xff0)

.reset          0xbfc00000      0x1e8
 *(.reset)
 .reset         0xbfc00000      0x1e8 c:/program files (x86)/microchip/xc32/v1.31/bin/../lib/gcc/pic32mx/4.5.2/../../../../pic32mx/lib/./proc/32MX775F512L/crt0_mips32r2.o
                0xbfc00000                _reset
 *(.reset.startup)

.bev_excpt      0xbfc00380       0x10
 *(.bev_handler)
 .bev_handler   0xbfc00380       0x10 c:/program files (x86)/microchip/xc32/v1.31/bin/../lib/gcc/pic32mx/4.5.2/../../../../pic32mx/lib/./proc/32MX775F512L/crt0_mips32r2.o

.dbg_excpt      0xbfc00480        0x8
                0xbfc00480                . = (. + DEFINED (_DEBUGGER)?0x8:0x0)
 *fill*         0xbfc00480        0x8 

.dbg_code       0xbfc02000      0xff0
                0xbfc02000                . = (. + DEFINED (_DEBUGGER)?_DBG_CODE_SIZE:0x0)
 *fill*         0xbfc02000      0xff0 

.app_excpt      0x9fc01180       0x10
 *(.gen_handler)
 .gen_handler   0x9fc01180       0x10 c:/program files (x86)/microchip/xc32/v1.31/bin/../lib/gcc/pic32mx/4.5.2/../../../../pic32mx/lib/./proc/32MX775F512L/crt0_mips32r2.o

.vector_0       0x9fc01200        0x8
 *(.vector_0)
 .vector_0      0x9fc01200        0x8 c:/program files (x86)/microchip/xc32/v1.31/bin/../lib/gcc/pic32mx/4.5.2/../../../../pic32mx/lib\libpic32.a(vector0.o)
                0x9fc01200                __vector_dispatch_0
                0x00000001                ASSERT (((_vector_spacing == 0x0) || (SIZEOF (.vector_0) <= (_vector_spacing << 0x5))), function at exception vector 0 too large)

.vector_1       0x9fc01220        0x8
 *(.vector_1)
 .vector_1      0x9fc01220        0x8 build/default/debug/_ext/1711068938/port.o
                0x9fc01220                __vector_dispatch_1
                0x00000001                ASSERT (((_vector_spacing == 0x0) || (SIZEOF (.vector_1) <= (_vector_spacing << 0x5))), function at exception vector 1 too large)

.vector_2       0x9fc01240        0x8
 *(.vector_2)
 .vector_2      0x9fc01240        0x8 c:/program files (x86)/microchip/xc32/v1.31/bin/../lib/gcc/pic32mx/4.5.2/../../../../pic32mx/lib\libpic32.a(vector2.o)
                0x9fc01240                __vector_dispatch_2
                0x00000001                ASSERT (((_vector_spacing == 0x0) || (SIZEOF (.vector_2) <= (_vector_spacing << 0x5))), function at exception vector 2 too large)

.vector_3       0x9fc01260        0x8
 *(.vector_3)
 .vector_3      0x9fc01260        0x8 c:/program files (x86)/microchip/xc32/v1.31/bin/../lib/gcc/pic32mx/4.5.2/../../../../pic32mx/lib\libpic32.a(vector3.o)
                0x9fc01260                __vector_dispatch_3
                0x00000001                ASSERT (((_vector_spacing == 0x0) || (SIZEOF (.vector_3) <= (_vector_spacing << 0x5))), function at exception vector 3 too large)

.vector_4       0x9fc01280        0x8
 *(.vector_4)
 .vector_4      0x9fc01280        0x8 build/default/debug/_ext/1711068938/port.o
                0x9fc01280                __vector_dispatch_4
                0x00000001                ASSERT (((_vector_spacing == 0x0) || (SIZEOF (.vector_4) <= (_vector_spacing << 0x5))), function at exception vector 4 too large)

.vector_5       0x9fc012a0        0x8
 *(.vector_5)
 .vector_5      0x9fc012a0        0x8 c:/program files (x86)/microchip/xc32/v1.31/bin/../lib/gcc/pic32mx/4.5.2/../../../../pic32mx/lib\libpic32.a(vector5.o)
                0x9fc012a0                __vector_dispatch_5
                0x00000001                ASSERT (((_vector_spacing == 0x0) || (SIZEOF (.vector_5) <= (_vector_spacing << 0x5))), function at exception vector 5 too large)

.vector_6       0x9fc012c0        0x8
 *(.vector_6)
 .vector_6      0x9fc012c0        0x8 c:/program files (x86)/microchip/xc32/v1.31/bin/../lib/gcc/pic32mx/4.5.2/../../../../pic32mx/lib\libpic32.a(vector6.o)
                0x9fc012c0                __vector_dispatch_6
                0x00000001                ASSERT (((_vector_spacing == 0x0) || (SIZEOF (.vector_6) <= (_vector_spacing << 0x5))), function at exception vector 6 too large)

.vector_7       0x9fc012e0        0x8
 *(.vector_7)
 .vector_7      0x9fc012e0        0x8 c:/program files (x86)/microchip/xc32/v1.31/bin/../lib/gcc/pic32mx/4.5.2/../../../../pic32mx/lib\libpic32.a(vector7.o)
                0x9fc012e0                __vector_dispatch_7
                0x00000001                ASSERT (((_vector_spacing == 0x0) || (SIZEOF (.vector_7) <= (_vector_spacing << 0x5))), function at exception vector 7 too large)

.vector_8       0x9fc01300        0x8
 *(.vector_8)
 .vector_8      0x9fc01300        0x8 c:/program files (x86)/microchip/xc32/v1.31/bin/../lib/gcc/pic32mx/4.5.2/../../../../pic32mx/lib\libpic32.a(vector8.o)
                0x9fc01300                __vector_dispatch_8
                0x00000001                ASSERT (((_vector_spacing == 0x0) || (SIZEOF (.vector_8) <= (_vector_spacing << 0x5))), function at exception vector 8 too large)

.vector_9       0x9fc01320        0x8
 *(.vector_9)
 .vector_9      0x9fc01320        0x8 c:/program files (x86)/microchip/xc32/v1.31/bin/../lib/gcc/pic32mx/4.5.2/../../../../pic32mx/lib\libpic32.a(vector9.o)
                0x9fc01320                __vector_dispatch_9
                0x00000001                ASSERT (((_vector_spacing == 0x0) || (SIZEOF (.vector_9) <= (_vector_spacing << 0x5))), function at exception vector 9 too large)

.vector_10      0x9fc01340        0x8
 *(.vector_10)
 .vector_10     0x9fc01340        0x8 c:/program files (x86)/microchip/xc32/v1.31/bin/../lib/gcc/pic32mx/4.5.2/../../../../pic32mx/lib\libpic32.a(vector10.o)
                0x9fc01340                __vector_dispatch_10
                0x00000001                ASSERT (((_vector_spacing == 0x0) || (SIZEOF (.vector_10) <= (_vector_spacing << 0x5))), function at exception vector 10 too large)

.vector_11      0x9fc01360        0x8
 *(.vector_11)
 .vector_11     0x9fc01360        0x8 c:/program files (x86)/microchip/xc32/v1.31/bin/../lib/gcc/pic32mx/4.5.2/../../../../pic32mx/lib\libpic32.a(vector11.o)
                0x9fc01360                __vector_dispatch_11
                0x00000001                ASSERT (((_vector_spacing == 0x0) || (SIZEOF (.vector_11) <= (_vector_spacing << 0x5))), function at exception vector 11 too large)

.vector_12      0x9fc01380        0x8
 *(.vector_12)
 .vector_12     0x9fc01380        0x8 c:/program files (x86)/microchip/xc32/v1.31/bin/../lib/gcc/pic32mx/4.5.2/../../../../pic32mx/lib\libpic32.a(vector12.o)
                0x9fc01380                __vector_dispatch_12
                0x00000001                ASSERT (((_vector_spacing == 0x0) || (SIZEOF (.vector_12) <= (_vector_spacing << 0x5))), function at exception vector 12 too large)

.vector_13      0x9fc013a0        0x8
 *(.vector_13)
 .vector_13     0x9fc013a0        0x8 c:/program files (x86)/microchip/xc32/v1.31/bin/../lib/gcc/pic32mx/4.5.2/../../../../pic32mx/lib\libpic32.a(vector13.o)
                0x9fc013a0                __vector_dispatch_13
                0x00000001                ASSERT (((_vector_spacing == 0x0) || (SIZEOF (.vector_13) <= (_vector_spacing << 0x5))), function at exception vector 13 too large)

.vector_14      0x9fc013c0        0x8
 *(.vector_14)
 .vector_14     0x9fc013c0        0x8 c:/program files (x86)/microchip/xc32/v1.31/bin/../lib/gcc/pic32mx/4.5.2/../../../../pic32mx/lib\libpic32.a(vector14.o)
                0x9fc013c0                __vector_dispatch_14
                0x00000001                ASSERT (((_vector_spacing == 0x0) || (SIZEOF (.vector_14) <= (_vector_spacing << 0x5))), function at exception vector 14 too large)

.vector_15      0x9fc013e0        0x8
 *(.vector_15)
 .vector_15     0x9fc013e0        0x8 c:/program files (x86)/microchip/xc32/v1.31/bin/../lib/gcc/pic32mx/4.5.2/../../../../pic32mx/lib\libpic32.a(vector15.o)
                0x9fc013e0                __vector_dispatch_15
                0x00000001                ASSERT (((_vector_spacing == 0x0) || (SIZEOF (.vector_15) <= (_vector_spacing << 0x5))), function at exception vector 15 too large)

.vector_16      0x9fc01400        0x8
 *(.vector_16)
 .vector_16     0x9fc01400        0x8 c:/program files (x86)/microchip/xc32/v1.31/bin/../lib/gcc/pic32mx/4.5.2/../../../../pic32mx/lib\libpic32.a(vector16.o)
                0x9fc01400                __vector_dispatch_16
                0x00000001                ASSERT (((_vector_spacing == 0x0) || (SIZEOF (.vector_16) <= (_vector_spacing << 0x5))), function at exception vector 16 too large)

.vector_17      0x9fc01420        0x8
 *(.vector_17)
 .vector_17     0x9fc01420        0x8 c:/program files (x86)/microchip/xc32/v1.31/bin/../lib/gcc/pic32mx/4.5.2/../../../../pic32mx/lib\libpic32.a(vector17.o)
                0x9fc01420                __vector_dispatch_17
                0x00000001                ASSERT (((_vector_spacing == 0x0) || (SIZEOF (.vector_17) <= (_vector_spacing << 0x5))), function at exception vector 17 too large)

.vector_18      0x9fc01440        0x8
 *(.vector_18)
 .vector_18     0x9fc01440        0x8 c:/program files (x86)/microchip/xc32/v1.31/bin/../lib/gcc/pic32mx/4.5.2/../../../../pic32mx/lib\libpic32.a(vector18.o)
                0x9fc01440                __vector_dispatch_18
                0x00000001                ASSERT (((_vector_spacing == 0x0) || (SIZEOF (.vector_18) <= (_vector_spacing << 0x5))), function at exception vector 18 too large)

.vector_19      0x9fc01460        0x8
 *(.vector_19)
 .vector_19     0x9fc01460        0x8 c:/program files (x86)/microchip/xc32/v1.31/bin/../lib/gcc/pic32mx/4.5.2/../../../../pic32mx/lib\libpic32.a(vector19.o)
                0x9fc01460                __vector_dispatch_19
                0x00000001                ASSERT (((_vector_spacing == 0x0) || (SIZEOF (.vector_19) <= (_vector_spacing << 0x5))), function at exception vector 19 too large)

.vector_20      0x9fc01480        0x8
 *(.vector_20)
 .vector_20     0x9fc01480        0x8 c:/program files (x86)/microchip/xc32/v1.31/bin/../lib/gcc/pic32mx/4.5.2/../../../../pic32mx/lib\libpic32.a(vector20.o)
                0x9fc01480                __vector_dispatch_20
                0x00000001                ASSERT (((_vector_spacing == 0x0) || (SIZEOF (.vector_20) <= (_vector_spacing << 0x5))), function at exception vector 20 too large)

.vector_21      0x9fc014a0        0x8
 *(.vector_21)
 .vector_21     0x9fc014a0        0x8 c:/program files (x86)/microchip/xc32/v1.31/bin/../lib/gcc/pic32mx/4.5.2/../../../../pic32mx/lib\libpic32.a(vector21.o)
                0x9fc014a0                __vector_dispatch_21
                0x00000001                ASSERT (((_vector_spacing == 0x0) || (SIZEOF (.vector_21) <= (_vector_spacing << 0x5))), function at exception vector 21 too large)

.vector_22      0x9fc014c0        0x8
 *(.vector_22)
 .vector_22     0x9fc014c0        0x8 c:/program files (x86)/microchip/xc32/v1.31/bin/../lib/gcc/pic32mx/4.5.2/../../../../pic32mx/lib\libpic32.a(vector22.o)
                0x9fc014c0                __vector_dispatch_22
                0x00000001                ASSERT (((_vector_spacing == 0x0) || (SIZEOF (.vector_22) <= (_vector_spacing << 0x5))), function at exception vector 22 too large)

.vector_23      0x9fc014e0        0x8
 *(.vector_23)
 .vector_23     0x9fc014e0        0x8 c:/program files (x86)/microchip/xc32/v1.31/bin/../lib/gcc/pic32mx/4.5.2/../../../../pic32mx/lib\libpic32.a(vector23.o)
                0x9fc014e0                __vector_dispatch_23
                0x00000001                ASSERT (((_vector_spacing == 0x0) || (SIZEOF (.vector_23) <= (_vector_spacing << 0x5))), function at exception vector 23 too large)

.vector_24      0x9fc01500        0x8
 *(.vector_24)
 .vector_24     0x9fc01500        0x8 c:/program files (x86)/microchip/xc32/v1.31/bin/../lib/gcc/pic32mx/4.5.2/../../../../pic32mx/lib\libpic32.a(vector24.o)
                0x9fc01500                __vector_dispatch_24
                0x00000001                ASSERT (((_vector_spacing == 0x0) || (SIZEOF (.vector_24) <= (_vector_spacing << 0x5))), function at exception vector 24 too large)

.vector_25      0x9fc01520        0x8
 *(.vector_25)
 .vector_25     0x9fc01520        0x8 c:/program files (x86)/microchip/xc32/v1.31/bin/../lib/gcc/pic32mx/4.5.2/../../../../pic32mx/lib\libpic32.a(vector25.o)
                0x9fc01520                __vector_dispatch_25
                0x00000001                ASSERT (((_vector_spacing == 0x0) || (SIZEOF (.vector_25) <= (_vector_spacing << 0x5))), function at exception vector 25 too large)

.vector_26      0x9fc01540        0x8
 *(.vector_26)
 .vector_26     0x9fc01540        0x8 c:/program files (x86)/microchip/xc32/v1.31/bin/../lib/gcc/pic32mx/4.5.2/../../../../pic32mx/lib\libpic32.a(vector26.o)
                0x9fc01540                __vector_dispatch_26
                0x00000001                ASSERT (((_vector_spacing == 0x0) || (SIZEOF (.vector_26) <= (_vector_spacing << 0x5))), function at exception vector 26 too large)

.vector_27      0x9fc01560        0x8
 *(.vector_27)
 .vector_27     0x9fc01560        0x8 c:/program files (x86)/microchip/xc32/v1.31/bin/../lib/gcc/pic32mx/4.5.2/../../../../pic32mx/lib\libpic32.a(vector27.o)
                0x9fc01560                __vector_dispatch_27
                0x00000001                ASSERT (((_vector_spacing == 0x0) || (SIZEOF (.vector_27) <= (_vector_spacing << 0x5))), function at exception vector 27 too large)

.vector_28      0x9fc01580        0x8
 *(.vector_28)
 .vector_28     0x9fc01580        0x8 c:/program files (x86)/microchip/xc32/v1.31/bin/../lib/gcc/pic32mx/4.5.2/../../../../pic32mx/lib\libpic32.a(vector28.o)
                0x9fc01580                __vector_dispatch_28
                0x00000001                ASSERT (((_vector_spacing == 0x0) || (SIZEOF (.vector_28) <= (_vector_spacing << 0x5))), function at exception vector 28 too large)

.vector_29      0x9fc015a0        0x8
 *(.vector_29)
 .vector_29     0x9fc015a0        0x8 c:/program files (x86)/microchip/xc32/v1.31/bin/../lib/gcc/pic32mx/4.5.2/../../../../pic32mx/lib\libpic32.a(vector29.o)
                0x9fc015a0                __vector_dispatch_29
                0x00000001                ASSERT (((_vector_spacing == 0x0) || (SIZEOF (.vector_29) <= (_vector_spacing << 0x5))), function at exception vector 29 too large)

.vector_30      0x9fc015c0        0x8
 *(.vector_30)
 .vector_30     0x9fc015c0        0x8 c:/program files (x86)/microchip/xc32/v1.31/bin/../lib/gcc/pic32mx/4.5.2/../../../../pic32mx/lib\libpic32.a(vector30.o)
                0x9fc015c0                __vector_dispatch_30
                0x00000001                ASSERT (((_vector_spacing == 0x0) || (SIZEOF (.vector_30) <= (_vector_spacing << 0x5))), function at exception vector 30 too large)

.vector_31      0x9fc015e0        0x8
 *(.vector_31)
 .vector_31     0x9fc015e0        0x8 c:/program files (x86)/microchip/xc32/v1.31/bin/../lib/gcc/pic32mx/4.5.2/../../../../pic32mx/lib\libpic32.a(vector31.o)
                0x9fc015e0                __vector_dispatch_31
                0x00000001                ASSERT (((_vector_spacing == 0x0) || (SIZEOF (.vector_31) <= (_vector_spacing << 0x5))), function at exception vector 31 too large)

.vector_32      0x9fc01600        0x8
 *(.vector_32)
 .vector_32     0x9fc01600        0x8 c:/program files (x86)/microchip/xc32/v1.31/bin/../lib/gcc/pic32mx/4.5.2/../../../../pic32mx/lib\libpic32.a(vector32.o)
                0x9fc01600                __vector_dispatch_32
                0x00000001                ASSERT (((_vector_spacing == 0x0) || (SIZEOF (.vector_32) <= (_vector_spacing << 0x5))), function at exception vector 32 too large)

.vector_33      0x9fc01620        0x8
 *(.vector_33)
 .vector_33     0x9fc01620        0x8 c:/program files (x86)/microchip/xc32/v1.31/bin/../lib/gcc/pic32mx/4.5.2/../../../../pic32mx/lib\libpic32.a(vector33.o)
                0x9fc01620                __vector_dispatch_33
                0x00000001                ASSERT (((_vector_spacing == 0x0) || (SIZEOF (.vector_33) <= (_vector_spacing << 0x5))), function at exception vector 33 too large)

.vector_34      0x9fc01640        0x8
 *(.vector_34)
 .vector_34     0x9fc01640        0x8 c:/program files (x86)/microchip/xc32/v1.31/bin/../lib/gcc/pic32mx/4.5.2/../../../../pic32mx/lib\libpic32.a(vector34.o)
                0x9fc01640                __vector_dispatch_34
                0x00000001                ASSERT (((_vector_spacing == 0x0) || (SIZEOF (.vector_34) <= (_vector_spacing << 0x5))), function at exception vector 34 too large)

.vector_35      0x9fc01660        0x8
 *(.vector_35)
 .vector_35     0x9fc01660        0x8 c:/program files (x86)/microchip/xc32/v1.31/bin/../lib/gcc/pic32mx/4.5.2/../../../../pic32mx/lib\libpic32.a(vector35.o)
                0x9fc01660                __vector_dispatch_35
                0x00000001                ASSERT (((_vector_spacing == 0x0) || (SIZEOF (.vector_35) <= (_vector_spacing << 0x5))), function at exception vector 35 too large)

.vector_36      0x9fc01680        0x8
 *(.vector_36)
 .vector_36     0x9fc01680        0x8 c:/program files (x86)/microchip/xc32/v1.31/bin/../lib/gcc/pic32mx/4.5.2/../../../../pic32mx/lib\libpic32.a(vector36.o)
                0x9fc01680                __vector_dispatch_36
                0x00000001                ASSERT (((_vector_spacing == 0x0) || (SIZEOF (.vector_36) <= (_vector_spacing << 0x5))), function at exception vector 36 too large)

.vector_37      0x9fc016a0        0x8
 *(.vector_37)
 .vector_37     0x9fc016a0        0x8 c:/program files (x86)/microchip/xc32/v1.31/bin/../lib/gcc/pic32mx/4.5.2/../../../../pic32mx/lib\libpic32.a(vector37.o)
                0x9fc016a0                __vector_dispatch_37
                0x00000001                ASSERT (((_vector_spacing == 0x0) || (SIZEOF (.vector_37) <= (_vector_spacing << 0x5))), function at exception vector 37 too large)

.vector_38      0x9fc016c0        0x8
 *(.vector_38)
 .vector_38     0x9fc016c0        0x8 c:/program files (x86)/microchip/xc32/v1.31/bin/../lib/gcc/pic32mx/4.5.2/../../../../pic32mx/lib\libpic32.a(vector38.o)
                0x9fc016c0                __vector_dispatch_38
                0x00000001                ASSERT (((_vector_spacing == 0x0) || (SIZEOF (.vector_38) <= (_vector_spacing << 0x5))), function at exception vector 38 too large)

.vector_39      0x9fc016e0        0x8
 *(.vector_39)
 .vector_39     0x9fc016e0        0x8 c:/program files (x86)/microchip/xc32/v1.31/bin/../lib/gcc/pic32mx/4.5.2/../../../../pic32mx/lib\libpic32.a(vector39.o)
                0x9fc016e0                __vector_dispatch_39
                0x00000001                ASSERT (((_vector_spacing == 0x0) || (SIZEOF (.vector_39) <= (_vector_spacing << 0x5))), function at exception vector 39 too large)

.vector_40      0x9fc01700        0x8
 *(.vector_40)
 .vector_40     0x9fc01700        0x8 c:/program files (x86)/microchip/xc32/v1.31/bin/../lib/gcc/pic32mx/4.5.2/../../../../pic32mx/lib\libpic32.a(vector40.o)
                0x9fc01700                __vector_dispatch_40
                0x00000001                ASSERT (((_vector_spacing == 0x0) || (SIZEOF (.vector_40) <= (_vector_spacing << 0x5))), function at exception vector 40 too large)

.vector_41      0x9fc01720        0x8
 *(.vector_41)
 .vector_41     0x9fc01720        0x8 c:/program files (x86)/microchip/xc32/v1.31/bin/../lib/gcc/pic32mx/4.5.2/../../../../pic32mx/lib\libpic32.a(vector41.o)
                0x9fc01720                __vector_dispatch_41
                0x00000001                ASSERT (((_vector_spacing == 0x0) || (SIZEOF (.vector_41) <= (_vector_spacing << 0x5))), function at exception vector 41 too large)

.vector_42      0x9fc01740        0x8
 *(.vector_42)
 .vector_42     0x9fc01740        0x8 c:/program files (x86)/microchip/xc32/v1.31/bin/../lib/gcc/pic32mx/4.5.2/../../../../pic32mx/lib\libpic32.a(vector42.o)
                0x9fc01740                __vector_dispatch_42
                0x00000001                ASSERT (((_vector_spacing == 0x0) || (SIZEOF (.vector_42) <= (_vector_spacing << 0x5))), function at exception vector 42 too large)

.vector_43      0x9fc01760        0x8
 *(.vector_43)
 .vector_43     0x9fc01760        0x8 c:/program files (x86)/microchip/xc32/v1.31/bin/../lib/gcc/pic32mx/4.5.2/../../../../pic32mx/lib\libpic32.a(vector43.o)
                0x9fc01760                __vector_dispatch_43
                0x00000001                ASSERT (((_vector_spacing == 0x0) || (SIZEOF (.vector_43) <= (_vector_spacing << 0x5))), function at exception vector 43 too large)

.vector_44      0x9fc01780        0x8
 *(.vector_44)
 .vector_44     0x9fc01780        0x8 c:/program files (x86)/microchip/xc32/v1.31/bin/../lib/gcc/pic32mx/4.5.2/../../../../pic32mx/lib\libpic32.a(vector44.o)
                0x9fc01780                __vector_dispatch_44
                0x00000001                ASSERT (((_vector_spacing == 0x0) || (SIZEOF (.vector_44) <= (_vector_spacing << 0x5))), function at exception vector 44 too large)

.vector_45      0x9fc017a0        0x8
 *(.vector_45)
 .vector_45     0x9fc017a0        0x8 c:/program files (x86)/microchip/xc32/v1.31/bin/../lib/gcc/pic32mx/4.5.2/../../../../pic32mx/lib\libpic32.a(vector45.o)
                0x9fc017a0                __vector_dispatch_45
                0x00000001                ASSERT (((_vector_spacing == 0x0) || (SIZEOF (.vector_45) <= (_vector_spacing << 0x5))), function at exception vector 45 too large)

.vector_46      0x9fc017c0        0x8
 *(.vector_46)
 .vector_46     0x9fc017c0        0x8 c:/program files (x86)/microchip/xc32/v1.31/bin/../lib/gcc/pic32mx/4.5.2/../../../../pic32mx/lib\libpic32.a(vector46.o)
                0x9fc017c0                __vector_dispatch_46
                0x00000001                ASSERT (((_vector_spacing == 0x0) || (SIZEOF (.vector_46) <= (_vector_spacing << 0x5))), function at exception vector 46 too large)

.vector_47      0x9fc017e0        0x8
 *(.vector_47)
 .vector_47     0x9fc017e0        0x8 c:/program files (x86)/microchip/xc32/v1.31/bin/../lib/gcc/pic32mx/4.5.2/../../../../pic32mx/lib\libpic32.a(vector47.o)
                0x9fc017e0                __vector_dispatch_47
                0x00000001                ASSERT (((_vector_spacing == 0x0) || (SIZEOF (.vector_47) <= (_vector_spacing << 0x5))), function at exception vector 47 too large)

.vector_48      0x9fc01800        0x8
 *(.vector_48)
 .vector_48     0x9fc01800        0x8 c:/program files (x86)/microchip/xc32/v1.31/bin/../lib/gcc/pic32mx/4.5.2/../../../../pic32mx/lib\libpic32.a(vector48.o)
                0x9fc01800                __vector_dispatch_48
                0x00000001                ASSERT (((_vector_spacing == 0x0) || (SIZEOF (.vector_48) <= (_vector_spacing << 0x5))), function at exception vector 48 too large)

.vector_49      0x9fc01820        0x8
 *(.vector_49)
 .vector_49     0x9fc01820        0x8 c:/program files (x86)/microchip/xc32/v1.31/bin/../lib/gcc/pic32mx/4.5.2/../../../../pic32mx/lib\libpic32.a(vector49.o)
                0x9fc01820                __vector_dispatch_49
                0x00000001                ASSERT (((_vector_spacing == 0x0) || (SIZEOF (.vector_49) <= (_vector_spacing << 0x5))), function at exception vector 49 too large)

.vector_50      0x9fc01840        0x8
 *(.vector_50)
 .vector_50     0x9fc01840        0x8 c:/program files (x86)/microchip/xc32/v1.31/bin/../lib/gcc/pic32mx/4.5.2/../../../../pic32mx/lib\libpic32.a(vector50.o)
                0x9fc01840                __vector_dispatch_50
                0x00000001                ASSERT (((_vector_spacing == 0x0) || (SIZEOF (.vector_50) <= (_vector_spacing << 0x5))), function at exception vector 50 too large)

.vector_51      0x9fc01860        0x8
 *(.vector_51)
 .vector_51     0x9fc01860        0x8 c:/program files (x86)/microchip/xc32/v1.31/bin/../lib/gcc/pic32mx/4.5.2/../../../../pic32mx/lib\libpic32.a(vector51.o)
                0x9fc01860                __vector_dispatch_51
                0x00000001                ASSERT (((_vector_spacing == 0x0) || (SIZEOF (.vector_51) <= (_vector_spacing << 0x5))), function at exception vector 51 too large)

.vector_52      0x9fc01880        0x8
 *(.vector_52)
 .vector_52     0x9fc01880        0x8 c:/program files (x86)/microchip/xc32/v1.31/bin/../lib/gcc/pic32mx/4.5.2/../../../../pic32mx/lib\libpic32.a(vector52.o)
                0x9fc01880                __vector_dispatch_52
                0x00000001                ASSERT (((_vector_spacing == 0x0) || (SIZEOF (.vector_52) <= (_vector_spacing << 0x5))), function at exception vector 52 too large)

.vector_53      0x9fc018a0        0x8
 *(.vector_53)
 .vector_53     0x9fc018a0        0x8 c:/program files (x86)/microchip/xc32/v1.31/bin/../lib/gcc/pic32mx/4.5.2/../../../../pic32mx/lib\libpic32.a(vector53.o)
                0x9fc018a0                __vector_dispatch_53
                0x00000001                ASSERT (((_vector_spacing == 0x0) || (SIZEOF (.vector_53) <= (_vector_spacing << 0x5))), function at exception vector 53 too large)

.vector_54      0x9fc018c0        0x8
 *(.vector_54)
 .vector_54     0x9fc018c0        0x8 c:/program files (x86)/microchip/xc32/v1.31/bin/../lib/gcc/pic32mx/4.5.2/../../../../pic32mx/lib\libpic32.a(vector54.o)
                0x9fc018c0                __vector_dispatch_54
                0x00000001                ASSERT (((_vector_spacing == 0x0) || (SIZEOF (.vector_54) <= (_vector_spacing << 0x5))), function at exception vector 54 too large)

.vector_55      0x9fc018e0        0x8
 *(.vector_55)
 .vector_55     0x9fc018e0        0x8 c:/program files (x86)/microchip/xc32/v1.31/bin/../lib/gcc/pic32mx/4.5.2/../../../../pic32mx/lib\libpic32.a(vector55.o)
                0x9fc018e0                __vector_dispatch_55
                0x00000001                ASSERT (((_vector_spacing == 0x0) || (SIZEOF (.vector_55) <= (_vector_spacing << 0x5))), function at exception vector 55 too large)

.vector_56      0x9fc01900        0x8
 *(.vector_56)
 .vector_56     0x9fc01900        0x8 c:/program files (x86)/microchip/xc32/v1.31/bin/../lib/gcc/pic32mx/4.5.2/../../../../pic32mx/lib\libpic32.a(vector56.o)
                0x9fc01900                __vector_dispatch_56
                0x00000001                ASSERT (((_vector_spacing == 0x0) || (SIZEOF (.vector_56) <= (_vector_spacing << 0x5))), function at exception vector 56 too large)

.vector_57      0x9fc01920        0x8
 *(.vector_57)
 .vector_57     0x9fc01920        0x8 c:/program files (x86)/microchip/xc32/v1.31/bin/../lib/gcc/pic32mx/4.5.2/../../../../pic32mx/lib\libpic32.a(vector57.o)
                0x9fc01920                __vector_dispatch_57
                0x00000001                ASSERT (((_vector_spacing == 0x0) || (SIZEOF (.vector_57) <= (_vector_spacing << 0x5))), function at exception vector 57 too large)

.vector_58      0x9fc01940        0x8
 *(.vector_58)
 .vector_58     0x9fc01940        0x8 c:/program files (x86)/microchip/xc32/v1.31/bin/../lib/gcc/pic32mx/4.5.2/../../../../pic32mx/lib\libpic32.a(vector58.o)
                0x9fc01940                __vector_dispatch_58
                0x00000001                ASSERT (((_vector_spacing == 0x0) || (SIZEOF (.vector_58) <= (_vector_spacing << 0x5))), function at exception vector 58 too large)

.vector_59      0x9fc01960        0x8
 *(.vector_59)
 .vector_59     0x9fc01960        0x8 c:/program files (x86)/microchip/xc32/v1.31/bin/../lib/gcc/pic32mx/4.5.2/../../../../pic32mx/lib\libpic32.a(vector59.o)
                0x9fc01960                __vector_dispatch_59
                0x00000001                ASSERT (((_vector_spacing == 0x0) || (SIZEOF (.vector_59) <= (_vector_spacing << 0x5))), function at exception vector 59 too large)

.vector_60      0x9fc01980        0x8
 *(.vector_60)
 .vector_60     0x9fc01980        0x8 c:/program files (x86)/microchip/xc32/v1.31/bin/../lib/gcc/pic32mx/4.5.2/../../../../pic32mx/lib\libpic32.a(vector60.o)
                0x9fc01980                __vector_dispatch_60
                0x00000001                ASSERT (((_vector_spacing == 0x0) || (SIZEOF (.vector_60) <= (_vector_spacing << 0x5))), function at exception vector 60 too large)

.vector_61      0x9fc019a0        0x8
 *(.vector_61)
 .vector_61     0x9fc019a0        0x8 c:/program files (x86)/microchip/xc32/v1.31/bin/../lib/gcc/pic32mx/4.5.2/../../../../pic32mx/lib\libpic32.a(vector61.o)
                0x9fc019a0                __vector_dispatch_61
                0x00000001                ASSERT (((_vector_spacing == 0x0) || (SIZEOF (.vector_61) <= (_vector_spacing << 0x5))), function at exception vector 61 too large)

.vector_62      0x9fc019c0        0x8
 *(.vector_62)
 .vector_62     0x9fc019c0        0x8 c:/program files (x86)/microchip/xc32/v1.31/bin/../lib/gcc/pic32mx/4.5.2/../../../../pic32mx/lib\libpic32.a(vector62.o)
                0x9fc019c0                __vector_dispatch_62
                0x00000001                ASSERT (((_vector_spacing == 0x0) || (SIZEOF (.vector_62) <= (_vector_spacing << 0x5))), function at exception vector 62 too large)

.vector_63      0x9fc019e0        0x8
 *(.vector_63)
 .vector_63     0x9fc019e0        0x8 c:/program files (x86)/microchip/xc32/v1.31/bin/../lib/gcc/pic32mx/4.5.2/../../../../pic32mx/lib\libpic32.a(vector63.o)
                0x9fc019e0                __vector_dispatch_63
                0x00000001                ASSERT (((_vector_spacing == 0x0) || (SIZEOF (.vector_63) <= (_vector_spacing << 0x5))), function at exception vector 63 too large)

.startup
 *(.startup)

.text           0x9d000000        0x0
 *(.stub .gnu.linkonce.t.*)
 *(.text.*personality*)
 *(.mips16.fn.*)
 *(.mips16.call.*)
 *(.gnu.warning)
                0x9d000000                . = ALIGN (0x4)

.init           0x9d000000        0x0
 *crti.o(.init)
 *crtbegin.o(.init)
 *(EXCLUDE_FILE(*crtn.o *crtend?.o *crtend.o) .init)
 *crtend.o(.init)
 *crtn.o(.init)
                0x9d000000                . = ALIGN (0x4)

.fini           0x9d000000        0x0
 *(.fini)
                0x9d000000                . = ALIGN (0x4)

.preinit_array  0x9d000000        0x0
                0x9d000000                PROVIDE (__preinit_array_start, .)
 *(.preinit_array)
                0x9d000000                PROVIDE (__preinit_array_end, .)
                0x9d000000                . = ALIGN (0x4)

.init_array     0x9d000000        0x0
                0x9d000000                PROVIDE (__init_array_start, .)
 *(SORT(.init_array.*))
 *(.init_array)
                0x9d000000                PROVIDE (__init_array_end, .)
                0x9d000000                . = ALIGN (0x4)

.fini_array     0x9d000000        0x0
                0x9d000000                PROVIDE (__fini_array_start, .)
 *(SORT(.fini_array.*))
 *(.fini_array)
                0x9d000000                PROVIDE (__fini_array_end, .)
                0x9d000000                . = ALIGN (0x4)

.ctors          0x9d000000        0x0
 *crtbegin.o(.ctors)
 *crtbegin?.o(.ctors)
 *(EXCLUDE_FILE(*crtend?.o *crtend.o) .ctors)
 *(SORT(.ctors.*))
 *(.ctors)
                0x9d000000                . = ALIGN (0x4)

.dtors          0x9d000000        0x0
 *crtbegin.o(.dtors)
 *crtbegin?.o(.dtors)
 *(EXCLUDE_FILE(*crtend?.o *crtend.o) .dtors)
 *(SORT(.dtors.*))
 *(.dtors)
                0x9d000000                . = ALIGN (0x4)

.rodata         0x9d000000        0x0
 *(.gnu.linkonce.r.*)
 *(.rodata1)
                0x9d000000                . = ALIGN (0x4)

.sdata2         0x9fc00490        0x0
 *(.sdata2 .sdata2.* .gnu.linkonce.s2.*)
                0x9fc00490                . = ALIGN (0x4)

.sbss2          0x9fc00490        0x0
 *(.sbss2 .sbss2.* .gnu.linkonce.sb2.*)
                0x9fc00490                . = ALIGN (0x4)

.eh_frame_hdr
 *(.eh_frame_hdr)
                0x9fc00490                . = ALIGN (0x4)

.eh_frame
 *(.eh_frame)
                0x9fc00490                . = ALIGN (0x4)

.gcc_except_table
 *(.gcc_except_table .gcc_except_table.*)
                0x9fc00490                . = ALIGN (0x4)

.dbg_data       0xa0000000      0x200
                0xa0000000                . = (. + DEFINED (_DEBUGGER)?0x200:0x0)
 *fill*         0xa0000000      0x200 

.jcr            0xa0000200        0x0
 *(.jcr)
                0xa0000200                . = ALIGN (0x4)

.eh_frame
 *(.eh_frame)
                0xa0000200                . = ALIGN (0x4)

.gcc_except_table
 *(.gcc_except_table .gcc_except_table.*)
                0xa0000200                . = ALIGN (0x4)

.persist        0xa0000200        0x0
                0xa0000200                _persist_begin = .
 *(.persist .persist.*)
 *(.pbss .pbss.*)
                0xa0000200                . = ALIGN (0x4)
                0xa0000200                _persist_end = .

.data           0xa0000200        0x0
 *(.gnu.linkonce.d.*)
 *(.data1)
                0xa0000200                . = ALIGN (0x4)
                0xa0000200                . = .
                0xa00081f0                _gp = (ALIGN (0x10) + 0x7ff0)

.got            0xa0000200        0x0
 *(.got.plt)
 *(.got)
                0xa0000200                . = ALIGN (0x4)

.sdata          0xa0000200        0x8
                0xa0000200                _sdata_begin = .
 *(.sdata .sdata.* .gnu.linkonce.s.*)
 .sdata         0xa0000200        0x4 build/default/debug/_ext/1711068938/port.o
                0xa0000200                uxInterruptNesting
 .sdata         0xa0000204        0x4 build/default/debug/_ext/2100859200/tasks.o
                0xa0000204                xNextTaskUnblockTime
                0xa0000208                . = ALIGN (0x4)
                0xa0000208                _sdata_end = .

.lit8
 *(.lit8)

.lit4
 *(.lit4)
                0xa0000208                . = ALIGN (0x4)
                0xa0000208                _data_end = .
                0xa0000208                _bss_begin = .

.sbss           0xa0000208       0x7c
                0xa0000208                _sbss_begin = .
 *(.dynsbss)
 *(.sbss .sbss.* .gnu.linkonce.sb.*)
 .sbss          0xa0000208        0xc build/default/debug/_ext/1688732426/system_exceptions.o
 .sbss          0xa0000214        0x8 build/default/debug/_ext/471914403/heap_1.o
 .sbss          0xa000021c        0x4 build/default/debug/_ext/1711068938/port.o
                0xa000021c                uxSavedTaskStackPointer
 .sbss          0xa0000220       0x2c build/default/debug/_ext/2100859200/tasks.o
                0xa0000220                pxCurrentTCB
                0xa0000224                uxTasksDeleted
                0xa0000228                uxCurrentNumberOfTasks
                0xa000022c                xTickCount
                0xa0000230                uxTopReadyPriority
                0xa0000234                xSchedulerRunning
                0xa0000238                uxPendedTicks
                0xa000023c                xYieldPending
                0xa0000240                xNumOfOverflows
                0xa0000244                uxTaskNumber
                0xa0000248                uxSchedulerSuspended
 .sbss          0xa000024c       0x10 build/default/debug/_ext/2100859200/timers.o
 .sbss          0xa000025c        0x2 build/default/debug/_ext/1360937237/timerCallback.o
                0xa000025c                sLtrCount
 *(.scommon)
 *fill*         0xa000025e        0x2 
 .scommon       0xa0000260        0x8 build/default/debug/_ext/1345626252/drv_usart_static.o
                0xa0000260                xTimer1
                0xa0000264                xQueue1
 .scommon       0xa0000268        0x0 build/default/debug/_ext/639803181/sys_clk_static.o
 .scommon       0xa0000268        0x4 build/default/debug/_ext/1688732426/system_init.o
                0xa0000268                sysObj
 .scommon       0xa000026c        0x0 build/default/debug/_ext/1688732426/system_interrupt.o
 .scommon       0xa000026c        0x0 build/default/debug/_ext/1688732426/system_exceptions.o
 .scommon       0xa000026c        0x0 build/default/debug/_ext/1688732426/system_tasks.o
 .scommon       0xa000026c        0x8 build/default/debug/_ext/1360937237/app1.o
                0xa000026c                app1Data
 .scommon       0xa0000274        0x8 build/default/debug/_ext/1006516959/sys_devcon.o
                0xa0000274                sysDevconObj
 .scommon       0xa000027c        0x8 build/default/debug/_ext/2100859200/tasks.o
                0xa000027c                pxDelayedTaskList
                0xa0000280                pxOverflowDelayedTaskList
 .scommon       0xa0000284        0x0 build/default/debug/_ext/1360937237/debug.o
 .scommon       0xa0000284        0x0 build/default/debug/_ext/1360937237/timerCallback.o
                0xa0000284                _sbss_end = .
                0xa0000284                . = ALIGN (0x4)

.bss            0xa0000284       0xc8
 *(.dynbss)
 *(COMMON)
 COMMON         0xa0000284       0xc8 build/default/debug/_ext/2100859200/tasks.o
                0xa0000284                pxReadyTasksLists
                0xa00002e8                xPendingReadyList
                0xa00002fc                xTasksWaitingTermination
                0xa0000310                xSuspendedTaskList
                0xa0000324                xDelayedTaskList2
                0xa0000338                xDelayedTaskList1
                0xa000034c                . = ALIGN ((. != 0x0)?0x4:0x1)
                0xa000034c                . = ALIGN (0x4)
                0xa000034c                _end = .
                0xa000034c                _bss_end = .
                0x00010000                _bmxdudba_address = 0x10000
                0x00010000                _bmxdupba_address = 0x10000

/DISCARD/
 *(.pdr)
 *(.rel.dyn)
 *(.note.GNU-stack)
 *(.note.GNU-stack)
 *(.gnu_debuglink)
 *(.gnu.lto_*)
 *(.discard)

.gptab.sdata
 *(.gptab.data)
 *(.gptab.sdata)

.gptab.sbss
 *(.gptab.bss)
 *(.gptab.sbss)

.mdebug.abi32   0xa000034c        0x0
 *(.mdebug.abi32)
 .mdebug.abi32  0xa000034c        0x0 build/default/debug/_ext/1345626252/drv_usart_static.o
 .mdebug.abi32  0xa000034c        0x0 build/default/debug/_ext/639803181/sys_clk_static.o
 .mdebug.abi32  0xa000034c        0x0 build/default/debug/_ext/822048611/sys_ports_static.o
 .mdebug.abi32  0xa000034c        0x0 build/default/debug/_ext/1688732426/system_init.o
 .mdebug.abi32  0xa000034c        0x0 build/default/debug/_ext/1688732426/system_interrupt.o
 .mdebug.abi32  0xa000034c        0x0 build/default/debug/_ext/1688732426/system_exceptions.o
 .mdebug.abi32  0xa000034c        0x0 build/default/debug/_ext/1688732426/system_tasks.o
 .mdebug.abi32  0xa000034c        0x0 build/default/debug/_ext/1688732426/rtos_hooks.o
 .mdebug.abi32  0xa000034c        0x0 build/default/debug/_ext/1360937237/app1.o
 .mdebug.abi32  0xa000034c        0x0 build/default/debug/_ext/1360937237/main.o
 .mdebug.abi32  0xa000034c        0x0 build/default/debug/_ext/170707685/osal_freertos.o
 .mdebug.abi32  0xa000034c        0x0 build/default/debug/_ext/1006516959/sys_devcon.o
 .mdebug.abi32  0xa000034c        0x0 build/default/debug/_ext/1006516959/sys_devcon_pic32mx.o
 .mdebug.abi32  0xa000034c        0x0 build/default/debug/_ext/476738267/sys_int_pic32.o
 .mdebug.abi32  0xa000034c        0x0 build/default/debug/_ext/704983160/sys_ports.o
 .mdebug.abi32  0xa000034c        0x0 build/default/debug/_ext/471914403/heap_1.o
 .mdebug.abi32  0xa000034c        0x0 build/default/debug/_ext/1711068938/port.o
 .mdebug.abi32  0xa000034c        0x0 build/default/debug/_ext/2100859200/croutine.o
 .mdebug.abi32  0xa000034c        0x0 build/default/debug/_ext/2100859200/list.o
 .mdebug.abi32  0xa000034c        0x0 build/default/debug/_ext/2100859200/queue.o
 .mdebug.abi32  0xa000034c        0x0 build/default/debug/_ext/2100859200/tasks.o
 .mdebug.abi32  0xa000034c        0x0 build/default/debug/_ext/2100859200/timers.o
 .mdebug.abi32  0xa000034c        0x0 build/default/debug/_ext/2100859200/event_groups.o
 .mdebug.abi32  0xa000034c        0x0 build/default/debug/_ext/1360937237/debug.o
 .mdebug.abi32  0xa000034c        0x0 build/default/debug/_ext/1360937237/timerCallback.o
 .mdebug.abi32  0xa000034c        0x0 c:/program files (x86)/microchip/xc32/v1.31/bin/../lib/gcc/pic32mx/4.5.2/../../../../pic32mx/lib\libpic32.a(default-bootstrap-exception-handler.o)
 .mdebug.abi32  0xa000034c        0x0 c:/program files (x86)/microchip/xc32/v1.31/bin/../lib/gcc/pic32mx/4.5.2/../../../../pic32mx/lib\libpic32.a(default-on-reset.o)
 .mdebug.abi32  0xa000034c        0x0 c:/program files (x86)/microchip/xc32/v1.31/bin/../lib/gcc/pic32mx/4.5.2/../../../../pic32mx/lib\libpic32.a(default-on-bootstrap.o)
 .mdebug.abi32  0xa000034c        0x0 c:/program files (x86)/microchip/xc32/v1.31/bin/../lib/gcc/pic32mx/4.5.2/../../../../pic32mx/lib\libpic32.a(defaultinterrupt.o)
 .mdebug.abi32  0xa000034c        0x0 c:/program files (x86)/microchip/xc32/v1.31/bin/../lib/gcc/pic32mx/4.5.2/../../../../pic32mx/lib\software-debug-break.o

.mdebug.abiN32
 *(.mdebug.abiN32)

.mdebug.abi64
 *(.mdebug.abi64)

.mdebug.abiO64
 *(.mdebug.abiO64)

.mdebug.eabi32
 *(.mdebug.eabi32)

.mdebug.eabi64
 *(.mdebug.eabi64)

.gcc_compiled_long32
 *(.gcc_compiled_long32)

.gcc_compiled_long64
 *(.gcc_compiled_long64)

.stab
 *(.stab)

.stabstr
 *(.stabstr)

.stab.excl
 *(.stab.excl)

.stab.exclstr
 *(.stab.exclstr)

.stab.index
 *(.stab.index)

.stab.indexstr
 *(.stab.indexstr)

.comment        0x00000000       0xa8
 *(.comment)
 .comment       0x00000000       0x3c build/default/debug/_ext/1345626252/drv_usart_static.o
                                 0x3d (size before relaxing)
 .comment       0x00000000       0x3d build/default/debug/_ext/639803181/sys_clk_static.o
 .comment       0x00000000       0x3d build/default/debug/_ext/822048611/sys_ports_static.o
 .comment       0x00000000       0x3d build/default/debug/_ext/1688732426/system_init.o
 .comment       0x00000000       0x3d build/default/debug/_ext/1688732426/system_interrupt.o
 .comment       0x00000000       0x3d build/default/debug/_ext/1688732426/system_exceptions.o
 .comment       0x00000000       0x3d build/default/debug/_ext/1688732426/system_tasks.o
 .comment       0x00000000       0x3d build/default/debug/_ext/1688732426/rtos_hooks.o
 .comment       0x00000000       0x3d build/default/debug/_ext/1360937237/app1.o
 .comment       0x00000000       0x3d build/default/debug/_ext/1360937237/main.o
 .comment       0x00000000       0x3d build/default/debug/_ext/170707685/osal_freertos.o
 .comment       0x00000000       0x3d build/default/debug/_ext/1006516959/sys_devcon.o
 .comment       0x00000000       0x3d build/default/debug/_ext/1006516959/sys_devcon_pic32mx.o
 .comment       0x00000000       0x3d build/default/debug/_ext/476738267/sys_int_pic32.o
 .comment       0x00000000       0x3d build/default/debug/_ext/704983160/sys_ports.o
 .comment       0x00000000       0x3d build/default/debug/_ext/471914403/heap_1.o
 .comment       0x00000000       0x3d build/default/debug/_ext/1711068938/port.o
 .comment       0x00000000       0x3d build/default/debug/_ext/2100859200/croutine.o
 .comment       0x00000000       0x3d build/default/debug/_ext/2100859200/list.o
 .comment       0x00000000       0x3d build/default/debug/_ext/2100859200/queue.o
 .comment       0x00000000       0x3d build/default/debug/_ext/2100859200/tasks.o
 .comment       0x00000000       0x3d build/default/debug/_ext/2100859200/timers.o
 .comment       0x00000000       0x3d build/default/debug/_ext/2100859200/event_groups.o
 .comment       0x00000000       0x3d build/default/debug/_ext/1360937237/debug.o
 .comment       0x00000000       0x3d build/default/debug/_ext/1360937237/timerCallback.o
 .comment       0x0000003c       0x18 c:/program files (x86)/microchip/xc32/v1.31/bin/../lib/gcc/pic32mx/4.5.2/../../../../pic32mx/lib\libpic32.a(memcmp.o)
                                 0x19 (size before relaxing)
 .comment       0x00000054       0x18 c:/program files (x86)/microchip/xc32/v1.31/bin/../lib/gcc/pic32mx/4.5.2/../../../../pic32mx/lib\libpic32.a(memset.o)
                                 0x19 (size before relaxing)
 .comment       0x0000006c       0x3c c:/program files (x86)/microchip/xc32/v1.31/bin/../lib/gcc/pic32mx/4.5.2/../../../../pic32mx/lib\libpic32.a(default-bootstrap-exception-handler.o)
                                 0x3d (size before relaxing)
 .comment       0x00000000       0x3d c:/program files (x86)/microchip/xc32/v1.31/bin/../lib/gcc/pic32mx/4.5.2/../../../../pic32mx/lib\libpic32.a(default-on-reset.o)
 .comment       0x00000000       0x3d c:/program files (x86)/microchip/xc32/v1.31/bin/../lib/gcc/pic32mx/4.5.2/../../../../pic32mx/lib\libpic32.a(default-on-bootstrap.o)
 .comment       0x00000000       0x3d c:/program files (x86)/microchip/xc32/v1.31/bin/../lib/gcc/pic32mx/4.5.2/../../../../pic32mx/lib\libpic32.a(defaultinterrupt.o)
 .comment       0x00000000       0x3d c:/program files (x86)/microchip/xc32/v1.31/bin/../lib/gcc/pic32mx/4.5.2/../../../../pic32mx/lib\software-debug-break.o

.debug
 *(.debug)

.line
 *(.line)

.debug_srcinfo
 *(.debug_srcinfo)

.debug_sfnames
 *(.debug_sfnames)

.debug_aranges  0x00000000      0x8e0
 *(.debug_aranges)
 .debug_aranges
                0x00000000       0x38 build/default/debug/_ext/1345626252/drv_usart_static.o
 .debug_aranges
                0x00000038       0x38 build/default/debug/_ext/639803181/sys_clk_static.o
 .debug_aranges
                0x00000070       0x20 build/default/debug/_ext/822048611/sys_ports_static.o
 .debug_aranges
                0x00000090       0x20 build/default/debug/_ext/1688732426/system_init.o
 .debug_aranges
                0x000000b0       0x20 build/default/debug/_ext/1688732426/system_exceptions.o
 .debug_aranges
                0x000000d0       0x30 build/default/debug/_ext/1688732426/system_tasks.o
 .debug_aranges
                0x00000100       0x28 build/default/debug/_ext/1688732426/rtos_hooks.o
 .debug_aranges
                0x00000128       0x38 build/default/debug/_ext/1360937237/app1.o
 .debug_aranges
                0x00000160       0x20 build/default/debug/_ext/1360937237/main.o
 .debug_aranges
                0x00000180       0x88 build/default/debug/_ext/170707685/osal_freertos.o
 .debug_aranges
                0x00000208       0x78 build/default/debug/_ext/1006516959/sys_devcon.o
 .debug_aranges
                0x00000280       0x20 build/default/debug/_ext/1006516959/sys_devcon_pic32mx.o
 .debug_aranges
                0x000002a0       0x48 build/default/debug/_ext/476738267/sys_int_pic32.o
 .debug_aranges
                0x000002e8       0xf8 build/default/debug/_ext/704983160/sys_ports.o
 .debug_aranges
                0x000003e0       0x38 build/default/debug/_ext/471914403/heap_1.o
 .debug_aranges
                0x00000418       0x58 build/default/debug/_ext/1711068938/port.o
 .debug_aranges
                0x00000470       0x20 build/default/debug/_ext/1711068938/port_asm.o
 .debug_aranges
                0x00000490       0x40 build/default/debug/_ext/2100859200/list.o
 .debug_aranges
                0x000004d0       0xb8 build/default/debug/_ext/2100859200/queue.o
 .debug_aranges
                0x00000588      0x1a0 build/default/debug/_ext/2100859200/tasks.o
 .debug_aranges
                0x00000728       0x70 build/default/debug/_ext/2100859200/timers.o
 .debug_aranges
                0x00000798       0x68 build/default/debug/_ext/2100859200/event_groups.o
 .debug_aranges
                0x00000800       0x20 build/default/debug/_ext/1360937237/debug.o
 .debug_aranges
                0x00000820       0x20 build/default/debug/_ext/1360937237/timerCallback.o
 .debug_aranges
                0x00000840       0x20 c:/program files (x86)/microchip/xc32/v1.31/bin/../lib/gcc/pic32mx/4.5.2/../../../../pic32mx/lib\libpic32.a(default-bootstrap-exception-handler.o)
 .debug_aranges
                0x00000860       0x20 c:/program files (x86)/microchip/xc32/v1.31/bin/../lib/gcc/pic32mx/4.5.2/../../../../pic32mx/lib\libpic32.a(default-on-reset.o)
 .debug_aranges
                0x00000880       0x20 c:/program files (x86)/microchip/xc32/v1.31/bin/../lib/gcc/pic32mx/4.5.2/../../../../pic32mx/lib\libpic32.a(default-on-bootstrap.o)
 .debug_aranges
                0x000008a0       0x20 c:/program files (x86)/microchip/xc32/v1.31/bin/../lib/gcc/pic32mx/4.5.2/../../../../pic32mx/lib\libpic32.a(defaultinterrupt.o)
 .debug_aranges
                0x000008c0       0x20 c:/program files (x86)/microchip/xc32/v1.31/bin/../lib/gcc/pic32mx/4.5.2/../../../../pic32mx/lib\software-debug-break.o

.debug_pubnames
                0x00000000     0x182e
 *(.debug_pubnames)
 .debug_pubnames
                0x00000000       0xa8 build/default/debug/_ext/1345626252/drv_usart_static.o
 .debug_pubnames
                0x000000a8       0xb8 build/default/debug/_ext/639803181/sys_clk_static.o
 .debug_pubnames
                0x00000160       0x2b build/default/debug/_ext/822048611/sys_ports_static.o
 .debug_pubnames
                0x0000018b       0x68 build/default/debug/_ext/1688732426/system_init.o
 .debug_pubnames
                0x000001f3       0x38 build/default/debug/_ext/1688732426/system_interrupt.o
 .debug_pubnames
                0x0000022b       0x57 build/default/debug/_ext/1688732426/system_exceptions.o
 .debug_pubnames
                0x00000282       0x46 build/default/debug/_ext/1688732426/system_tasks.o
 .debug_pubnames
                0x000002c8       0x55 build/default/debug/_ext/1688732426/rtos_hooks.o
 .debug_pubnames
                0x0000031d       0x89 build/default/debug/_ext/1360937237/app1.o
 .debug_pubnames
                0x000003a6       0x1b build/default/debug/_ext/1360937237/main.o
 .debug_pubnames
                0x000003c1      0x129 build/default/debug/_ext/170707685/osal_freertos.o
 .debug_pubnames
                0x000004ea      0x160 build/default/debug/_ext/1006516959/sys_devcon.o
 .debug_pubnames
                0x0000064a       0x33 build/default/debug/_ext/1006516959/sys_devcon_pic32mx.o
 .debug_pubnames
                0x0000067d       0xb9 build/default/debug/_ext/476738267/sys_int_pic32.o
 .debug_pubnames
                0x00000736      0x376 build/default/debug/_ext/704983160/sys_ports.o
 .debug_pubnames
                0x00000aac       0x64 build/default/debug/_ext/471914403/heap_1.o
 .debug_pubnames
                0x00000b10      0x130 build/default/debug/_ext/1711068938/port.o
 .debug_pubnames
                0x00000c40       0x72 build/default/debug/_ext/2100859200/list.o
 .debug_pubnames
                0x00000cb2      0x1d1 build/default/debug/_ext/2100859200/queue.o
 .debug_pubnames
                0x00000e83      0x692 build/default/debug/_ext/2100859200/tasks.o
 .debug_pubnames
                0x00001515       0xb1 build/default/debug/_ext/2100859200/timers.o
 .debug_pubnames
                0x000015c6       0xf8 build/default/debug/_ext/2100859200/event_groups.o
 .debug_pubnames
                0x000016be       0x48 build/default/debug/_ext/1360937237/debug.o
 .debug_pubnames
                0x00001706       0x59 build/default/debug/_ext/1360937237/timerCallback.o
 .debug_pubnames
                0x0000175f       0x33 c:/program files (x86)/microchip/xc32/v1.31/bin/../lib/gcc/pic32mx/4.5.2/../../../../pic32mx/lib\libpic32.a(default-bootstrap-exception-handler.o)
 .debug_pubnames
                0x00001792       0x20 c:/program files (x86)/microchip/xc32/v1.31/bin/../lib/gcc/pic32mx/4.5.2/../../../../pic32mx/lib\libpic32.a(default-on-reset.o)
 .debug_pubnames
                0x000017b2       0x24 c:/program files (x86)/microchip/xc32/v1.31/bin/../lib/gcc/pic32mx/4.5.2/../../../../pic32mx/lib\libpic32.a(default-on-bootstrap.o)
 .debug_pubnames
                0x000017d6       0x28 c:/program files (x86)/microchip/xc32/v1.31/bin/../lib/gcc/pic32mx/4.5.2/../../../../pic32mx/lib\libpic32.a(defaultinterrupt.o)
 .debug_pubnames
                0x000017fe       0x30 c:/program files (x86)/microchip/xc32/v1.31/bin/../lib/gcc/pic32mx/4.5.2/../../../../pic32mx/lib\software-debug-break.o

.debug_info     0x00000000    0x17b53
 *(.debug_info .gnu.linkonce.wi.*)
 .debug_info    0x00000000     0x2435 build/default/debug/_ext/1345626252/drv_usart_static.o
 .debug_info    0x00002435     0x148f build/default/debug/_ext/639803181/sys_clk_static.o
 .debug_info    0x000038c4     0x1304 build/default/debug/_ext/822048611/sys_ports_static.o
 .debug_info    0x00004bc8      0xce4 build/default/debug/_ext/1688732426/system_init.o
 .debug_info    0x000058ac      0xb53 build/default/debug/_ext/1688732426/system_interrupt.o
 .debug_info    0x000063ff      0xbf7 build/default/debug/_ext/1688732426/system_exceptions.o
 .debug_info    0x00006ff6      0xcae build/default/debug/_ext/1688732426/system_tasks.o
 .debug_info    0x00007ca4      0x22c build/default/debug/_ext/1688732426/rtos_hooks.o
 .debug_info    0x00007ed0      0xdd4 build/default/debug/_ext/1360937237/app1.o
 .debug_info    0x00008ca4      0x145 build/default/debug/_ext/1360937237/main.o
 .debug_info    0x00008de9      0x74c build/default/debug/_ext/170707685/osal_freertos.o
 .debug_info    0x00009535     0x1107 build/default/debug/_ext/1006516959/sys_devcon.o
 .debug_info    0x0000a63c      0xefd build/default/debug/_ext/1006516959/sys_devcon_pic32mx.o
 .debug_info    0x0000b539     0x1619 build/default/debug/_ext/476738267/sys_int_pic32.o
 .debug_info    0x0000cb52     0x3351 build/default/debug/_ext/704983160/sys_ports.o
 .debug_info    0x0000fea3      0x31b build/default/debug/_ext/471914403/heap_1.o
 .debug_info    0x000101be     0x11de build/default/debug/_ext/1711068938/port.o
 .debug_info    0x0001139c       0xd0 build/default/debug/_ext/1711068938/port_asm.o
 .debug_info    0x0001146c      0x17e build/default/debug/_ext/2100859200/croutine.o
 .debug_info    0x000115ea      0x477 build/default/debug/_ext/2100859200/list.o
 .debug_info    0x00011a61      0xfa8 build/default/debug/_ext/2100859200/queue.o
 .debug_info    0x00012a09     0x1e29 build/default/debug/_ext/2100859200/tasks.o
 .debug_info    0x00014832      0xd8d build/default/debug/_ext/2100859200/timers.o
 .debug_info    0x000155bf      0x97e build/default/debug/_ext/2100859200/event_groups.o
 .debug_info    0x00015f3d      0xc27 build/default/debug/_ext/1360937237/debug.o
 .debug_info    0x00016b64      0xbf9 build/default/debug/_ext/1360937237/timerCallback.o
 .debug_info    0x0001775d       0xde c:/program files (x86)/microchip/xc32/v1.31/bin/../lib/gcc/pic32mx/4.5.2/../../../../pic32mx/lib\libpic32.a(default-bootstrap-exception-handler.o)
 .debug_info    0x0001783b       0xb8 c:/program files (x86)/microchip/xc32/v1.31/bin/../lib/gcc/pic32mx/4.5.2/../../../../pic32mx/lib\libpic32.a(default-on-reset.o)
 .debug_info    0x000178f3       0xc0 c:/program files (x86)/microchip/xc32/v1.31/bin/../lib/gcc/pic32mx/4.5.2/../../../../pic32mx/lib\libpic32.a(default-on-bootstrap.o)
 .debug_info    0x000179b3       0xd2 c:/program files (x86)/microchip/xc32/v1.31/bin/../lib/gcc/pic32mx/4.5.2/../../../../pic32mx/lib\libpic32.a(defaultinterrupt.o)
 .debug_info    0x00017a85       0xce c:/program files (x86)/microchip/xc32/v1.31/bin/../lib/gcc/pic32mx/4.5.2/../../../../pic32mx/lib\software-debug-break.o

.debug_abbrev   0x00000000     0x211a
 *(.debug_abbrev)
 .debug_abbrev  0x00000000      0x1b5 build/default/debug/_ext/1345626252/drv_usart_static.o
 .debug_abbrev  0x000001b5      0x1e8 build/default/debug/_ext/639803181/sys_clk_static.o
 .debug_abbrev  0x0000039d      0x113 build/default/debug/_ext/822048611/sys_ports_static.o
 .debug_abbrev  0x000004b0      0x121 build/default/debug/_ext/1688732426/system_init.o
 .debug_abbrev  0x000005d1       0x5c build/default/debug/_ext/1688732426/system_interrupt.o
 .debug_abbrev  0x0000062d       0xa2 build/default/debug/_ext/1688732426/system_exceptions.o
 .debug_abbrev  0x000006cf       0xca build/default/debug/_ext/1688732426/system_tasks.o
 .debug_abbrev  0x00000799       0x8d build/default/debug/_ext/1688732426/rtos_hooks.o
 .debug_abbrev  0x00000826      0x10f build/default/debug/_ext/1360937237/app1.o
 .debug_abbrev  0x00000935       0x36 build/default/debug/_ext/1360937237/main.o
 .debug_abbrev  0x0000096b      0x14d build/default/debug/_ext/170707685/osal_freertos.o
 .debug_abbrev  0x00000ab8      0x25a build/default/debug/_ext/1006516959/sys_devcon.o
 .debug_abbrev  0x00000d12      0x176 build/default/debug/_ext/1006516959/sys_devcon_pic32mx.o
 .debug_abbrev  0x00000e88      0x19a build/default/debug/_ext/476738267/sys_int_pic32.o
 .debug_abbrev  0x00001022      0x1ea build/default/debug/_ext/704983160/sys_ports.o
 .debug_abbrev  0x0000120c      0x100 build/default/debug/_ext/471914403/heap_1.o
 .debug_abbrev  0x0000130c      0x2a7 build/default/debug/_ext/1711068938/port.o
 .debug_abbrev  0x000015b3       0x14 build/default/debug/_ext/1711068938/port_asm.o
 .debug_abbrev  0x000015c7       0x1f build/default/debug/_ext/2100859200/croutine.o
 .debug_abbrev  0x000015e6       0xe9 build/default/debug/_ext/2100859200/list.o
 .debug_abbrev  0x000016cf      0x1e7 build/default/debug/_ext/2100859200/queue.o
 .debug_abbrev  0x000018b6      0x234 build/default/debug/_ext/2100859200/tasks.o
 .debug_abbrev  0x00001aea      0x281 build/default/debug/_ext/2100859200/timers.o
 .debug_abbrev  0x00001d6b      0x19a build/default/debug/_ext/2100859200/event_groups.o
 .debug_abbrev  0x00001f05       0x98 build/default/debug/_ext/1360937237/debug.o
 .debug_abbrev  0x00001f9d       0xce build/default/debug/_ext/1360937237/timerCallback.o
 .debug_abbrev  0x0000206b       0x23 c:/program files (x86)/microchip/xc32/v1.31/bin/../lib/gcc/pic32mx/4.5.2/../../../../pic32mx/lib\libpic32.a(default-bootstrap-exception-handler.o)
 .debug_abbrev  0x0000208e       0x23 c:/program files (x86)/microchip/xc32/v1.31/bin/../lib/gcc/pic32mx/4.5.2/../../../../pic32mx/lib\libpic32.a(default-on-reset.o)
 .debug_abbrev  0x000020b1       0x23 c:/program files (x86)/microchip/xc32/v1.31/bin/../lib/gcc/pic32mx/4.5.2/../../../../pic32mx/lib\libpic32.a(default-on-bootstrap.o)
 .debug_abbrev  0x000020d4       0x23 c:/program files (x86)/microchip/xc32/v1.31/bin/../lib/gcc/pic32mx/4.5.2/../../../../pic32mx/lib\libpic32.a(defaultinterrupt.o)
 .debug_abbrev  0x000020f7       0x23 c:/program files (x86)/microchip/xc32/v1.31/bin/../lib/gcc/pic32mx/4.5.2/../../../../pic32mx/lib\software-debug-break.o

.debug_line     0x00000000     0x5346
 *(.debug_line)
 .debug_line    0x00000000      0x604 build/default/debug/_ext/1345626252/drv_usart_static.o
 .debug_line    0x00000604      0x3d3 build/default/debug/_ext/639803181/sys_clk_static.o
 .debug_line    0x000009d7      0x389 build/default/debug/_ext/822048611/sys_ports_static.o
 .debug_line    0x00000d60      0x273 build/default/debug/_ext/1688732426/system_init.o
 .debug_line    0x00000fd3      0x10e build/default/debug/_ext/1688732426/system_interrupt.o
 .debug_line    0x000010e1      0x17e build/default/debug/_ext/1688732426/system_exceptions.o
 .debug_line    0x0000125f      0x2d4 build/default/debug/_ext/1688732426/system_tasks.o
 .debug_line    0x00001533      0x138 build/default/debug/_ext/1688732426/rtos_hooks.o
 .debug_line    0x0000166b      0x2db build/default/debug/_ext/1360937237/app1.o
 .debug_line    0x00001946       0x66 build/default/debug/_ext/1360937237/main.o
 .debug_line    0x000019ac      0x2b2 build/default/debug/_ext/170707685/osal_freertos.o
 .debug_line    0x00001c5e      0x5f6 build/default/debug/_ext/1006516959/sys_devcon.o
 .debug_line    0x00002254      0x48a build/default/debug/_ext/1006516959/sys_devcon_pic32mx.o
 .debug_line    0x000026de      0x3a3 build/default/debug/_ext/476738267/sys_int_pic32.o
 .debug_line    0x00002a81      0x880 build/default/debug/_ext/704983160/sys_ports.o
 .debug_line    0x00003301      0x168 build/default/debug/_ext/471914403/heap_1.o
 .debug_line    0x00003469      0x234 build/default/debug/_ext/1711068938/port.o
 .debug_line    0x0000369d      0x123 build/default/debug/_ext/1711068938/port_asm.o
 .debug_line    0x000037c0       0x1d build/default/debug/_ext/2100859200/croutine.o
 .debug_line    0x000037dd      0x1e7 build/default/debug/_ext/2100859200/list.o
 .debug_line    0x000039c4      0x4a8 build/default/debug/_ext/2100859200/queue.o
 .debug_line    0x00003e6c      0x864 build/default/debug/_ext/2100859200/tasks.o
 .debug_line    0x000046d0      0x329 build/default/debug/_ext/2100859200/timers.o
 .debug_line    0x000049f9      0x2c2 build/default/debug/_ext/2100859200/event_groups.o
 .debug_line    0x00004cbb      0x1d9 build/default/debug/_ext/1360937237/debug.o
 .debug_line    0x00004e94      0x1ef build/default/debug/_ext/1360937237/timerCallback.o
 .debug_line    0x00005083       0x97 c:/program files (x86)/microchip/xc32/v1.31/bin/../lib/gcc/pic32mx/4.5.2/../../../../pic32mx/lib\libpic32.a(default-bootstrap-exception-handler.o)
 .debug_line    0x0000511a       0x84 c:/program files (x86)/microchip/xc32/v1.31/bin/../lib/gcc/pic32mx/4.5.2/../../../../pic32mx/lib\libpic32.a(default-on-reset.o)
 .debug_line    0x0000519e       0x88 c:/program files (x86)/microchip/xc32/v1.31/bin/../lib/gcc/pic32mx/4.5.2/../../../../pic32mx/lib\libpic32.a(default-on-bootstrap.o)
 .debug_line    0x00005226       0x96 c:/program files (x86)/microchip/xc32/v1.31/bin/../lib/gcc/pic32mx/4.5.2/../../../../pic32mx/lib\libpic32.a(defaultinterrupt.o)
 .debug_line    0x000052bc       0x8a c:/program files (x86)/microchip/xc32/v1.31/bin/../lib/gcc/pic32mx/4.5.2/../../../../pic32mx/lib\software-debug-break.o

.debug_frame    0x00000000     0x1268
 *(.debug_frame)
 .debug_frame   0x00000000       0x58 build/default/debug/_ext/1345626252/drv_usart_static.o
 .debug_frame   0x00000058       0x58 build/default/debug/_ext/639803181/sys_clk_static.o
 .debug_frame   0x000000b0       0x20 build/default/debug/_ext/822048611/sys_ports_static.o
 .debug_frame   0x000000d0       0x28 build/default/debug/_ext/1688732426/system_init.o
 .debug_frame   0x000000f8       0x20 build/default/debug/_ext/1688732426/system_exceptions.o
 .debug_frame   0x00000118       0x58 build/default/debug/_ext/1688732426/system_tasks.o
 .debug_frame   0x00000170       0x30 build/default/debug/_ext/1688732426/rtos_hooks.o
 .debug_frame   0x000001a0       0x70 build/default/debug/_ext/1360937237/app1.o
 .debug_frame   0x00000210       0x28 build/default/debug/_ext/1360937237/main.o
 .debug_frame   0x00000238      0x150 build/default/debug/_ext/170707685/osal_freertos.o
 .debug_frame   0x00000388       0xd8 build/default/debug/_ext/1006516959/sys_devcon.o
 .debug_frame   0x00000460       0x20 build/default/debug/_ext/1006516959/sys_devcon_pic32mx.o
 .debug_frame   0x00000480       0x70 build/default/debug/_ext/476738267/sys_int_pic32.o
 .debug_frame   0x000004f0      0x1d0 build/default/debug/_ext/704983160/sys_ports.o
 .debug_frame   0x000006c0       0x5c build/default/debug/_ext/471914403/heap_1.o
 .debug_frame   0x0000071c       0xa0 build/default/debug/_ext/1711068938/port.o
 .debug_frame   0x000007bc       0x60 build/default/debug/_ext/2100859200/list.o
 .debug_frame   0x0000081c      0x234 build/default/debug/_ext/2100859200/queue.o
 .debug_frame   0x00000a50      0x4c4 build/default/debug/_ext/2100859200/tasks.o
 .debug_frame   0x00000f14      0x138 build/default/debug/_ext/2100859200/timers.o
 .debug_frame   0x0000104c      0x124 build/default/debug/_ext/2100859200/event_groups.o
 .debug_frame   0x00001170       0x28 build/default/debug/_ext/1360937237/debug.o
 .debug_frame   0x00001198       0x28 build/default/debug/_ext/1360937237/timerCallback.o
 .debug_frame   0x000011c0       0x28 c:/program files (x86)/microchip/xc32/v1.31/bin/../lib/gcc/pic32mx/4.5.2/../../../../pic32mx/lib\libpic32.a(default-bootstrap-exception-handler.o)
 .debug_frame   0x000011e8       0x20 c:/program files (x86)/microchip/xc32/v1.31/bin/../lib/gcc/pic32mx/4.5.2/../../../../pic32mx/lib\libpic32.a(default-on-reset.o)
 .debug_frame   0x00001208       0x20 c:/program files (x86)/microchip/xc32/v1.31/bin/../lib/gcc/pic32mx/4.5.2/../../../../pic32mx/lib\libpic32.a(default-on-bootstrap.o)
 .debug_frame   0x00001228       0x20 c:/program files (x86)/microchip/xc32/v1.31/bin/../lib/gcc/pic32mx/4.5.2/../../../../pic32mx/lib\libpic32.a(defaultinterrupt.o)
 .debug_frame   0x00001248       0x20 c:/program files (x86)/microchip/xc32/v1.31/bin/../lib/gcc/pic32mx/4.5.2/../../../../pic32mx/lib\software-debug-break.o

.debug_str      0x00000000      0x861
 *(.debug_str)
 .debug_str     0x00000000       0x63 build/default/debug/_ext/1345626252/drv_usart_static.o
 .debug_str     0x00000063       0x39 build/default/debug/_ext/639803181/sys_clk_static.o
 .debug_str     0x0000009c       0x15 build/default/debug/_ext/822048611/sys_ports_static.o
 .debug_str     0x000000b1        0xe build/default/debug/_ext/1688732426/system_init.o
 .debug_str     0x000000bf        0x0 build/default/debug/_ext/1688732426/system_interrupt.o
 .debug_str     0x000000bf        0x0 build/default/debug/_ext/1688732426/system_exceptions.o
 .debug_str     0x000000bf        0x0 build/default/debug/_ext/1688732426/system_tasks.o
 .debug_str     0x000000bf        0x9 build/default/debug/_ext/1688732426/rtos_hooks.o
 .debug_str     0x000000c8        0x9 build/default/debug/_ext/1360937237/app1.o
 .debug_str     0x000000d1        0x0 build/default/debug/_ext/1360937237/main.o
 .debug_str     0x000000d1       0x40 build/default/debug/_ext/170707685/osal_freertos.o
 .debug_str     0x00000111       0x23 build/default/debug/_ext/1006516959/sys_devcon.o
 .debug_str     0x00000134       0x4f build/default/debug/_ext/1006516959/sys_devcon_pic32mx.o
 .debug_str     0x00000183       0x2d build/default/debug/_ext/476738267/sys_int_pic32.o
 .debug_str     0x000001b0       0x98 build/default/debug/_ext/704983160/sys_ports.o
 .debug_str     0x00000248        0x0 build/default/debug/_ext/471914403/heap_1.o
 .debug_str     0x00000248       0x6a build/default/debug/_ext/1711068938/port.o
 .debug_str     0x000002b2        0x0 build/default/debug/_ext/2100859200/croutine.o
 .debug_str     0x000002b2       0x2b build/default/debug/_ext/2100859200/list.o
 .debug_str     0x000002dd       0xf1 build/default/debug/_ext/2100859200/queue.o
 .debug_str     0x000003ce      0x2da build/default/debug/_ext/2100859200/tasks.o
 .debug_str     0x000006a8       0xbf build/default/debug/_ext/2100859200/timers.o
 .debug_str     0x00000767       0xe6 build/default/debug/_ext/2100859200/event_groups.o
 .debug_str     0x0000084d        0x0 build/default/debug/_ext/1360937237/debug.o
 .debug_str     0x0000084d       0x14 build/default/debug/_ext/1360937237/timerCallback.o
 .debug_str     0x00000861        0x0 c:/program files (x86)/microchip/xc32/v1.31/bin/../lib/gcc/pic32mx/4.5.2/../../../../pic32mx/lib\libpic32.a(default-bootstrap-exception-handler.o)
 .debug_str     0x00000861        0x0 c:/program files (x86)/microchip/xc32/v1.31/bin/../lib/gcc/pic32mx/4.5.2/../../../../pic32mx/lib\libpic32.a(default-on-reset.o)
 .debug_str     0x00000861        0x0 c:/program files (x86)/microchip/xc32/v1.31/bin/../lib/gcc/pic32mx/4.5.2/../../../../pic32mx/lib\libpic32.a(default-on-bootstrap.o)
 .debug_str     0x00000861        0x0 c:/program files (x86)/microchip/xc32/v1.31/bin/../lib/gcc/pic32mx/4.5.2/../../../../pic32mx/lib\libpic32.a(defaultinterrupt.o)
 .debug_str     0x00000861        0x0 c:/program files (x86)/microchip/xc32/v1.31/bin/../lib/gcc/pic32mx/4.5.2/../../../../pic32mx/lib\software-debug-break.o

.debug_loc      0x00000000     0x3d43
 *(.debug_loc)
 .debug_loc     0x00000000       0x92 build/default/debug/_ext/1345626252/drv_usart_static.o
 .debug_loc     0x00000092       0x33 build/default/debug/_ext/639803181/sys_clk_static.o
 .debug_loc     0x000000c5       0x33 build/default/debug/_ext/1688732426/system_init.o
 .debug_loc     0x000000f8       0x60 build/default/debug/_ext/1688732426/system_tasks.o
 .debug_loc     0x00000158       0x80 build/default/debug/_ext/1360937237/app1.o
 .debug_loc     0x000001d8       0x20 build/default/debug/_ext/1360937237/main.o
 .debug_loc     0x000001f8      0x393 build/default/debug/_ext/170707685/osal_freertos.o
 .debug_loc     0x0000058b       0x6c build/default/debug/_ext/1006516959/sys_devcon.o
 .debug_loc     0x000005f7       0x5f build/default/debug/_ext/1006516959/sys_devcon_pic32mx.o
 .debug_loc     0x00000656       0x6c build/default/debug/_ext/476738267/sys_int_pic32.o
 .debug_loc     0x000006c2      0xb96 build/default/debug/_ext/704983160/sys_ports.o
 .debug_loc     0x00001258       0x51 build/default/debug/_ext/471914403/heap_1.o
 .debug_loc     0x000012a9       0x66 build/default/debug/_ext/1711068938/port.o
 .debug_loc     0x0000130f       0x1f build/default/debug/_ext/2100859200/list.o
 .debug_loc     0x0000132e      0xa90 build/default/debug/_ext/2100859200/queue.o
 .debug_loc     0x00001dbe     0x11c7 build/default/debug/_ext/2100859200/tasks.o
 .debug_loc     0x00002f85      0x644 build/default/debug/_ext/2100859200/timers.o
 .debug_loc     0x000035c9      0x709 build/default/debug/_ext/2100859200/event_groups.o
 .debug_loc     0x00003cd2       0x3e build/default/debug/_ext/1360937237/debug.o
 .debug_loc     0x00003d10       0x33 build/default/debug/_ext/1360937237/timerCallback.o

.debug_macinfo
 *(.debug_macinfo)

.debug_weaknames
 *(.debug_weaknames)

.debug_funcnames
 *(.debug_funcnames)

.debug_typenames
 *(.debug_typenames)

.debug_varnames
 *(.debug_varnames)

.debug_pubtypes
                0x00000000     0x1321
 *(.debug_pubtypes)
 .debug_pubtypes
                0x00000000      0x114 build/default/debug/_ext/1345626252/drv_usart_static.o
 .debug_pubtypes
                0x00000114      0x12d build/default/debug/_ext/639803181/sys_clk_static.o
 .debug_pubtypes
                0x00000241       0xcd build/default/debug/_ext/822048611/sys_ports_static.o
 .debug_pubtypes
                0x0000030e       0xa2 build/default/debug/_ext/1688732426/system_init.o
 .debug_pubtypes
                0x000003b0       0x36 build/default/debug/_ext/1688732426/system_interrupt.o
 .debug_pubtypes
                0x000003e6       0x36 build/default/debug/_ext/1688732426/system_exceptions.o
 .debug_pubtypes
                0x0000041c       0xba build/default/debug/_ext/1688732426/system_tasks.o
 .debug_pubtypes
                0x000004d6       0x32 build/default/debug/_ext/1688732426/rtos_hooks.o
 .debug_pubtypes
                0x00000508       0x81 build/default/debug/_ext/1360937237/app1.o
 .debug_pubtypes
                0x00000589       0x12 build/default/debug/_ext/1360937237/main.o
 .debug_pubtypes
                0x0000059b      0x14e build/default/debug/_ext/170707685/osal_freertos.o
 .debug_pubtypes
                0x000006e9      0x14b build/default/debug/_ext/1006516959/sys_devcon.o
 .debug_pubtypes
                0x00000834       0xcb build/default/debug/_ext/1006516959/sys_devcon_pic32mx.o
 .debug_pubtypes
                0x000008ff       0xc5 build/default/debug/_ext/476738267/sys_int_pic32.o
 .debug_pubtypes
                0x000009c4      0x1d0 build/default/debug/_ext/704983160/sys_ports.o
 .debug_pubtypes
                0x00000b94       0x3a build/default/debug/_ext/471914403/heap_1.o
 .debug_pubtypes
                0x00000bce       0xb7 build/default/debug/_ext/1711068938/port.o
 .debug_pubtypes
                0x00000c85       0x12 build/default/debug/_ext/2100859200/croutine.o
 .debug_pubtypes
                0x00000c97       0x9a build/default/debug/_ext/2100859200/list.o
 .debug_pubtypes
                0x00000d31      0x128 build/default/debug/_ext/2100859200/queue.o
 .debug_pubtypes
                0x00000e59      0x197 build/default/debug/_ext/2100859200/tasks.o
 .debug_pubtypes
                0x00000ff0      0x18e build/default/debug/_ext/2100859200/timers.o
 .debug_pubtypes
                0x0000117e       0xfb build/default/debug/_ext/2100859200/event_groups.o
 .debug_pubtypes
                0x00001279       0x45 build/default/debug/_ext/1360937237/debug.o
 .debug_pubtypes
                0x000012be       0x63 build/default/debug/_ext/1360937237/timerCallback.o

.debug_ranges
 *(.debug_ranges)

.gnu.attributes
                0x00000000       0x10
 *(.gnu.attributes)
 .gnu.attributes
                0x00000000       0x10 build/default/debug/_ext/1345626252/drv_usart_static.o
 .gnu.attributes
                0x00000010       0x10 build/default/debug/_ext/639803181/sys_clk_static.o
 .gnu.attributes
                0x00000020       0x10 build/default/debug/_ext/822048611/sys_ports_static.o
 .gnu.attributes
                0x00000030       0x10 build/default/debug/_ext/1688732426/system_init.o
 .gnu.attributes
                0x00000040       0x10 build/default/debug/_ext/1688732426/system_interrupt.o
 .gnu.attributes
                0x00000050       0x10 build/default/debug/_ext/1688732426/system_exceptions.o
 .gnu.attributes
                0x00000060       0x10 build/default/debug/_ext/1688732426/system_tasks.o
 .gnu.attributes
                0x00000070       0x10 build/default/debug/_ext/1688732426/rtos_hooks.o
 .gnu.attributes
                0x00000080       0x10 build/default/debug/_ext/1360937237/app1.o
 .gnu.attributes
                0x00000090       0x10 build/default/debug/_ext/1360937237/main.o
 .gnu.attributes
                0x000000a0       0x10 build/default/debug/_ext/170707685/osal_freertos.o
 .gnu.attributes
                0x000000b0       0x10 build/default/debug/_ext/1006516959/sys_devcon.o
 .gnu.attributes
                0x000000c0       0x10 build/default/debug/_ext/1006516959/sys_devcon_pic32mx.o
 .gnu.attributes
                0x000000d0       0x10 build/default/debug/_ext/476738267/sys_int_pic32.o
 .gnu.attributes
                0x000000e0       0x10 build/default/debug/_ext/704983160/sys_ports.o
 .gnu.attributes
                0x000000f0       0x10 build/default/debug/_ext/471914403/heap_1.o
 .gnu.attributes
                0x00000100       0x10 build/default/debug/_ext/1711068938/port.o
 .gnu.attributes
                0x00000110       0x10 build/default/debug/_ext/2100859200/croutine.o
 .gnu.attributes
                0x00000120       0x10 build/default/debug/_ext/2100859200/list.o
 .gnu.attributes
                0x00000130       0x10 build/default/debug/_ext/2100859200/queue.o
 .gnu.attributes
                0x00000140       0x10 build/default/debug/_ext/2100859200/tasks.o
 .gnu.attributes
                0x00000150       0x10 build/default/debug/_ext/2100859200/timers.o
 .gnu.attributes
                0x00000160       0x10 build/default/debug/_ext/2100859200/event_groups.o
 .gnu.attributes
                0x00000170       0x10 build/default/debug/_ext/1360937237/debug.o
 .gnu.attributes
                0x00000180       0x10 build/default/debug/_ext/1360937237/timerCallback.o
 .gnu.attributes
                0x00000190       0x10 c:/program files (x86)/microchip/xc32/v1.31/bin/../lib/gcc/pic32mx/4.5.2/../../../../pic32mx/lib\libpic32.a(default-bootstrap-exception-handler.o)
 .gnu.attributes
                0x000001a0       0x10 c:/program files (x86)/microchip/xc32/v1.31/bin/../lib/gcc/pic32mx/4.5.2/../../../../pic32mx/lib\libpic32.a(default-on-reset.o)
 .gnu.attributes
                0x000001b0       0x10 c:/program files (x86)/microchip/xc32/v1.31/bin/../lib/gcc/pic32mx/4.5.2/../../../../pic32mx/lib\libpic32.a(default-on-bootstrap.o)
 .gnu.attributes
                0x000001c0       0x10 c:/program files (x86)/microchip/xc32/v1.31/bin/../lib/gcc/pic32mx/4.5.2/../../../../pic32mx/lib\libpic32.a(defaultinterrupt.o)
 .gnu.attributes
                0x000001d0       0x10 c:/program files (x86)/microchip/xc32/v1.31/bin/../lib/gcc/pic32mx/4.5.2/../../../../pic32mx/lib\software-debug-break.o
LOAD c:/program files (x86)/microchip/xc32/v1.31/bin/../lib/gcc/pic32mx/4.5.2\libgcc.a
START GROUP
LOAD c:/program files (x86)/microchip/xc32/v1.31/bin/../lib/gcc/pic32mx/4.5.2/../../../../pic32mx/lib\libpic32.a
LOAD c:/program files (x86)/microchip/xc32/v1.31/bin/../lib/gcc/pic32mx/4.5.2/../../../../pic32mx/lib\libdebug.a
LOAD c:/program files (x86)/microchip/xc32/v1.31/bin/../lib/gcc/pic32mx/4.5.2/../../../../pic32mx/lib\libm.a
LOAD c:/program files (x86)/microchip/xc32/v1.31/bin/../lib/gcc/pic32mx/4.5.2/../../../../pic32mx/lib\libe.a
LOAD c:/program files (x86)/microchip/xc32/v1.31/bin/../lib/gcc/pic32mx/4.5.2/../../../../pic32mx/lib\libdsp.a
LOAD c:/program files (x86)/microchip/xc32/v1.31/bin/../lib/gcc/pic32mx/4.5.2\libgcc.a
LOAD c:/program files (x86)/microchip/xc32/v1.31/bin/../lib/gcc/pic32mx/4.5.2/../../../../pic32mx/lib\libpic32.a
LOAD c:/program files (x86)/microchip/xc32/v1.31/bin/../lib/gcc/pic32mx/4.5.2/../../../../pic32mx/lib\libc.a
LOAD c:/program files (x86)/microchip/xc32/v1.31/bin/../lib/gcc/pic32mx/4.5.2/../../../../pic32mx/lib\libpic32.a
END GROUP
LOAD c:/program files (x86)/microchip/xc32/v1.31/bin/../lib/gcc/pic32mx/4.5.2\libgcc.a
LOAD c:/program files (x86)/microchip/xc32/v1.31/bin/../lib/gcc/pic32mx/4.5.2/../../../../pic32mx/lib\software-debug-break.o
OUTPUT(dist/default/debug/Milestone1.X.debug.elf elf32-tradlittlemips)
LOAD stack
LOAD data_init

.reginfo        0x00000000       0x18
 .reginfo       0x00000000       0x18 c:/program files (x86)/microchip/xc32/v1.31/bin/../lib/gcc/pic32mx/4.5.2/../../../../pic32mx/lib/./proc/32MX775F512L/crt0_mips32r2.o

.stack          0xa000a610      0x400
 .stack         0xa000a610      0x400 stack

.bss            0xa000034c     0xa2a8
 .bss           0xa000034c     0x9c40 build/default/debug/_ext/471914403/heap_1.o
 .bss           0xa0009f8c      0x640 build/default/debug/_ext/1711068938/port.o
                0xa0009f8c                xISRStack
 .bss           0xa000a5cc       0x28 build/default/debug/_ext/2100859200/timers.o

.text           0x9d000000      0x454
 .text          0x9d000000      0x454 build/default/debug/_ext/1711068938/port_asm.o
                0x9d000000                vPortTickInterruptHandler
                0x9d0001ac                vPortStartFirstTask
                0x9d000274                vPortYieldISR

.text.xQueueGenericReceive
                0x9d000454      0x258
 .text.xQueueGenericReceive
                0x9d000454      0x258 build/default/debug/_ext/2100859200/queue.o
                0x9d000454                xQueueGenericReceive

.text.prvTimerTask
                0x9d0006ac      0x248
 .text.prvTimerTask
                0x9d0006ac      0x248 build/default/debug/_ext/2100859200/timers.o

.text.xQueueGenericSend
                0x9d0008f4      0x20c
 .text.xQueueGenericSend
                0x9d0008f4      0x20c build/default/debug/_ext/2100859200/queue.o
                0x9d0008f4                xQueueGenericSend

.text.xTaskGenericCreate
                0x9d000b00      0x1b4
 .text.xTaskGenericCreate
                0x9d000b00      0x1b4 build/default/debug/_ext/2100859200/tasks.o
                0x9d000b00                xTaskGenericCreate

.text.xTaskIncrementTick
                0x9d000cb4      0x19c
 .text.xTaskIncrementTick
                0x9d000cb4      0x19c build/default/debug/_ext/2100859200/tasks.o
                0x9d000cb4                xTaskIncrementTick

.text           0x9d000e50      0x168
 .text          0x9d000e50      0x168 c:/program files (x86)/microchip/xc32/v1.31/bin/../lib/gcc/pic32mx/4.5.2/../../../../pic32mx/lib\libpic32.a(memcpy.o)
                0x9d000e50                memcpy

.text.xTaskResumeAll
                0x9d000fb8      0x15c
 .text.xTaskResumeAll
                0x9d000fb8      0x15c build/default/debug/_ext/2100859200/tasks.o
                0x9d000fb8                xTaskResumeAll

.text.vTaskPriorityInherit
                0x9d001114      0x12c
 .text.vTaskPriorityInherit
                0x9d001114      0x12c build/default/debug/_ext/2100859200/tasks.o
                0x9d001114                vTaskPriorityInherit

.rodata         0x9d001240      0x128
 .rodata        0x9d001240      0x128 build/default/debug/_ext/1688732426/system_exceptions.o

.text.vTaskSwitchContext
                0x9d001368      0x124
 .text.vTaskSwitchContext
                0x9d001368      0x124 build/default/debug/_ext/2100859200/tasks.o
                0x9d001368                vTaskSwitchContext

.text.SYS_Tasks
                0x9d00148c      0x114
 .text.SYS_Tasks
                0x9d00148c      0x114 build/default/debug/_ext/1688732426/system_tasks.o
                0x9d00148c                SYS_Tasks

.text.prvSampleTimeNow
                0x9d0015a0      0x10c
 .text.prvSampleTimeNow
                0x9d0015a0      0x10c build/default/debug/_ext/2100859200/timers.o

.text.prvUnlockQueue
                0x9d0016ac      0x104
 .text.prvUnlockQueue
                0x9d0016ac      0x104 build/default/debug/_ext/2100859200/queue.o

.text.prvCopyDataToQueue
                0x9d0017b0       0xfc
 .text.prvCopyDataToQueue
                0x9d0017b0       0xfc build/default/debug/_ext/2100859200/queue.o

.text.xTaskPriorityDisinherit
                0x9d0018ac       0xf4
 .text.xTaskPriorityDisinherit
                0x9d0018ac       0xf4 build/default/debug/_ext/2100859200/tasks.o
                0x9d0018ac                xTaskPriorityDisinherit

.text.xQueueGenericSendFromISR
                0x9d0019a0       0xe0
 .text.xQueueGenericSendFromISR
                0x9d0019a0       0xe0 build/default/debug/_ext/2100859200/queue.o
                0x9d0019a0                xQueueGenericSendFromISR

.text.general_exception
                0x9d001a80       0xdc
 .text.general_exception
                0x9d001a80       0xdc c:/program files (x86)/microchip/xc32/v1.31/bin/../lib/gcc/pic32mx/4.5.2/../../../../pic32mx/lib\libpic32.a(general-exception.o)
                0x9d001a80                _general_exception_context

.text.SYS_DEVCON_PerformanceConfig
                0x9d001b5c       0xd0
 .text.SYS_DEVCON_PerformanceConfig
                0x9d001b5c       0xd0 build/default/debug/_ext/1006516959/sys_devcon_pic32mx.o
                0x9d001b5c                SYS_DEVCON_PerformanceConfig

.text.DRV_USART0_Initialize
                0x9d001c2c       0xcc
 .text.DRV_USART0_Initialize
                0x9d001c2c       0xcc build/default/debug/_ext/1345626252/drv_usart_static.o
                0x9d001c2c                DRV_USART0_Initialize

.text.xQueueGenericReset
                0x9d001cf8       0xc8
 .text.xQueueGenericReset
                0x9d001cf8       0xc8 build/default/debug/_ext/2100859200/queue.o
                0x9d001cf8                xQueueGenericReset

.text.xTaskRemoveFromEventList
                0x9d001dc0       0xbc
 .text.xTaskRemoveFromEventList
                0x9d001dc0       0xbc build/default/debug/_ext/2100859200/tasks.o
                0x9d001dc0                xTaskRemoveFromEventList

.text.pvPortMalloc
                0x9d001e7c       0xb8
 .text.pvPortMalloc
                0x9d001e7c       0xb8 build/default/debug/_ext/471914403/heap_1.o
                0x9d001e7c                pvPortMalloc

.text.APP1_Tasks
                0x9d001f34       0xb4
 .text.APP1_Tasks
                0x9d001f34       0xb4 build/default/debug/_ext/1360937237/app1.o
                0x9d001f34                APP1_Tasks

.text.prvInitialiseTCBVariables
                0x9d001fe8       0xb0
 .text.prvInitialiseTCBVariables
                0x9d001fe8       0xb0 build/default/debug/_ext/2100859200/tasks.o
                0x9d001fe8                prvInitialiseTCBVariables

.text.prvInitialiseTaskLists
                0x9d002098       0xa8
 .text.prvInitialiseTaskLists
                0x9d002098       0xa8 build/default/debug/_ext/2100859200/tasks.o
                0x9d002098                prvInitialiseTaskLists

.text           0x9d002140       0xa8
 .text          0x9d002140       0xa8 c:/program files (x86)/microchip/xc32/v1.31/bin/../lib/gcc/pic32mx/4.5.2/../../../../pic32mx/lib\libpic32.a(memset.o)
                0x9d002140                memset

.text.xTaskCheckForTimeOut
                0x9d0021e8       0xa0
 .text.xTaskCheckForTimeOut
                0x9d0021e8       0xa0 build/default/debug/_ext/2100859200/tasks.o
                0x9d0021e8                xTaskCheckForTimeOut

.dinit          0x9d002288       0xa0
 .dinit         0x9d002288       0xa0 data_init

.text           0x9d002328       0x98
 .text          0x9d002328       0x98 c:/program files (x86)/microchip/xc32/v1.31/bin/../lib/gcc/pic32mx/4.5.2/../../../../pic32mx/lib\libpic32.a(memcmp.o)
                0x9d002328                memcmp

.text.vTaskPlaceOnEventList
                0x9d0023c0       0x94
 .text.vTaskPlaceOnEventList
                0x9d0023c0       0x94 build/default/debug/_ext/2100859200/tasks.o
                0x9d0023c0                vTaskPlaceOnEventList

.text.vTaskDelay
                0x9d002454       0x90
 .text.vTaskDelay
                0x9d002454       0x90 build/default/debug/_ext/2100859200/tasks.o
                0x9d002454                vTaskDelay

.text.prvCheckTasksWaitingTermination
                0x9d0024e4       0x90
 .text.prvCheckTasksWaitingTermination
                0x9d0024e4       0x90 build/default/debug/_ext/2100859200/tasks.o
                0x9d0024e4                prvCheckTasksWaitingTermination

.text.vTaskStartScheduler
                0x9d002574       0x90
 .text.vTaskStartScheduler
                0x9d002574       0x90 build/default/debug/_ext/2100859200/tasks.o
                0x9d002574                vTaskStartScheduler

.text.xTimerCreate
                0x9d002604       0x90
 .text.xTimerCreate
                0x9d002604       0x90 build/default/debug/_ext/2100859200/timers.o
                0x9d002604                xTimerCreate

.text.xTimerGenericCommand
                0x9d002694       0x8c
 .text.xTimerGenericCommand
                0x9d002694       0x8c build/default/debug/_ext/2100859200/timers.o
                0x9d002694                xTimerGenericCommand

.text.xQueueGenericCreate
                0x9d002720       0x84
 .text.xQueueGenericCreate
                0x9d002720       0x84 build/default/debug/_ext/2100859200/queue.o
                0x9d002720                xQueueGenericCreate

.text.prvAllocateTCBAndStack
                0x9d0027a4       0x84
 .text.prvAllocateTCBAndStack
                0x9d0027a4       0x84 build/default/debug/_ext/2100859200/tasks.o
                0x9d0027a4                prvAllocateTCBAndStack

.text.vQueueWaitForMessageRestricted
                0x9d002828       0x74
 .text.vQueueWaitForMessageRestricted
                0x9d002828       0x74 build/default/debug/_ext/2100859200/queue.o
                0x9d002828                vQueueWaitForMessageRestricted

.text.prvCheckForValidListAndQueue
                0x9d00289c       0x74
 .text.prvCheckForValidListAndQueue
                0x9d00289c       0x74 build/default/debug/_ext/2100859200/timers.o

.text.prvInsertTimerInActiveList
                0x9d002910       0x74
 .text.prvInsertTimerInActiveList
                0x9d002910       0x74 build/default/debug/_ext/2100859200/timers.o

.text.vTimerCallback
                0x9d002984       0x74
 .text.vTimerCallback
                0x9d002984       0x74 build/default/debug/_ext/1360937237/timerCallback.o
                0x9d002984                vTimerCallback

.text.prvAddCurrentTaskToDelayedList
                0x9d0029f8       0x70
 .text.prvAddCurrentTaskToDelayedList
                0x9d0029f8       0x70 build/default/debug/_ext/2100859200/tasks.o
                0x9d0029f8                prvAddCurrentTaskToDelayedList

.text.SYS_PORTS_DirectionSelect
                0x9d002a68       0x6c
 .text.SYS_PORTS_DirectionSelect
                0x9d002a68       0x6c build/default/debug/_ext/704983160/sys_ports.o
                0x9d002a68                SYS_PORTS_DirectionSelect

.text.vApplicationSetupTickTimerInterrupt
                0x9d002ad4       0x6c
 .text.vApplicationSetupTickTimerInterrupt
                0x9d002ad4       0x6c build/default/debug/_ext/1711068938/port.o
                0x9d002ad4                vApplicationSetupTickTimerInterrupt

.text.xPortStartScheduler
                0x9d002b40       0x6c
 .text.xPortStartScheduler
                0x9d002b40       0x6c build/default/debug/_ext/1711068938/port.o
                0x9d002b40                xPortStartScheduler

.text.vTaskPlaceOnEventListRestricted
                0x9d002bac       0x6c
 .text.vTaskPlaceOnEventListRestricted
                0x9d002bac       0x6c build/default/debug/_ext/2100859200/tasks.o
                0x9d002bac                vTaskPlaceOnEventListRestricted

.text.SYS_Initialize
                0x9d002c18       0x64
 .text.SYS_Initialize
                0x9d002c18       0x64 build/default/debug/_ext/1688732426/system_init.o
                0x9d002c18                SYS_Initialize

.text.APP1_Initialize
                0x9d002c7c       0x64
 .text.APP1_Initialize
                0x9d002c7c       0x64 build/default/debug/_ext/1360937237/app1.o
                0x9d002c7c                APP1_Initialize

.text.vTaskExitCritical
                0x9d002ce0       0x5c
 .text.vTaskExitCritical
                0x9d002ce0       0x5c build/default/debug/_ext/2100859200/tasks.o
                0x9d002ce0                vTaskExitCritical

.text.SYS_CLK_Initialize
                0x9d002d3c       0x58
 .text.SYS_CLK_Initialize
                0x9d002d3c       0x58 build/default/debug/_ext/639803181/sys_clk_static.o
                0x9d002d3c                SYS_CLK_Initialize

.text.xTimerCreateTimerTask
                0x9d002d94       0x58
 .text.xTimerCreateTimerTask
                0x9d002d94       0x58 build/default/debug/_ext/2100859200/timers.o
                0x9d002d94                xTimerCreateTimerTask

.text.vCharRecvTask
                0x9d002dec       0x54
 .text.vCharRecvTask